Archive member included to satisfy reference by file (symbol)

c:/programy/atmel/7.0/toolchain/avr8/avr8-gnu-toolchain/bin/../lib/gcc/avr/5.4.0/../../../../avr/lib/avr5\libm.a(addsf3.o)
                              lib/Print.o (__subsf3)
c:/programy/atmel/7.0/toolchain/avr8/avr8-gnu-toolchain/bin/../lib/gcc/avr/5.4.0/../../../../avr/lib/avr5\libm.a(addsf3x.o)
                              c:/programy/atmel/7.0/toolchain/avr8/avr8-gnu-toolchain/bin/../lib/gcc/avr/5.4.0/../../../../avr/lib/avr5\libm.a(addsf3.o) (__addsf3x)
c:/programy/atmel/7.0/toolchain/avr8/avr8-gnu-toolchain/bin/../lib/gcc/avr/5.4.0/../../../../avr/lib/avr5\libm.a(cmpsf2.o)
                              lib/Print.o (__ltsf2)
c:/programy/atmel/7.0/toolchain/avr8/avr8-gnu-toolchain/bin/../lib/gcc/avr/5.4.0/../../../../avr/lib/avr5\libm.a(divsf3.o)
                              lib/Print.o (__divsf3)
c:/programy/atmel/7.0/toolchain/avr8/avr8-gnu-toolchain/bin/../lib/gcc/avr/5.4.0/../../../../avr/lib/avr5\libm.a(divsf3x.o)
                              c:/programy/atmel/7.0/toolchain/avr8/avr8-gnu-toolchain/bin/../lib/gcc/avr/5.4.0/../../../../avr/lib/avr5\libm.a(divsf3.o) (__divsf3x)
c:/programy/atmel/7.0/toolchain/avr8/avr8-gnu-toolchain/bin/../lib/gcc/avr/5.4.0/../../../../avr/lib/avr5\libm.a(fixunssfsi.o)
                              lib/Print.o (__fixunssfsi)
c:/programy/atmel/7.0/toolchain/avr8/avr8-gnu-toolchain/bin/../lib/gcc/avr/5.4.0/../../../../avr/lib/avr5\libm.a(floatsisf.o)
                              lib/Print.o (__floatunsisf)
c:/programy/atmel/7.0/toolchain/avr8/avr8-gnu-toolchain/bin/../lib/gcc/avr/5.4.0/../../../../avr/lib/avr5\libm.a(fp_cmp.o)
                              c:/programy/atmel/7.0/toolchain/avr8/avr8-gnu-toolchain/bin/../lib/gcc/avr/5.4.0/../../../../avr/lib/avr5\libm.a(cmpsf2.o) (__fp_cmp)
c:/programy/atmel/7.0/toolchain/avr8/avr8-gnu-toolchain/bin/../lib/gcc/avr/5.4.0/../../../../avr/lib/avr5\libm.a(fp_inf.o)
                              c:/programy/atmel/7.0/toolchain/avr8/avr8-gnu-toolchain/bin/../lib/gcc/avr/5.4.0/../../../../avr/lib/avr5\libm.a(addsf3x.o) (__fp_inf)
c:/programy/atmel/7.0/toolchain/avr8/avr8-gnu-toolchain/bin/../lib/gcc/avr/5.4.0/../../../../avr/lib/avr5\libm.a(fp_nan.o)
                              c:/programy/atmel/7.0/toolchain/avr8/avr8-gnu-toolchain/bin/../lib/gcc/avr/5.4.0/../../../../avr/lib/avr5\libm.a(addsf3x.o) (__fp_nan)
c:/programy/atmel/7.0/toolchain/avr8/avr8-gnu-toolchain/bin/../lib/gcc/avr/5.4.0/../../../../avr/lib/avr5\libm.a(fp_pscA.o)
                              c:/programy/atmel/7.0/toolchain/avr8/avr8-gnu-toolchain/bin/../lib/gcc/avr/5.4.0/../../../../avr/lib/avr5\libm.a(addsf3x.o) (__fp_pscA)
c:/programy/atmel/7.0/toolchain/avr8/avr8-gnu-toolchain/bin/../lib/gcc/avr/5.4.0/../../../../avr/lib/avr5\libm.a(fp_pscB.o)
                              c:/programy/atmel/7.0/toolchain/avr8/avr8-gnu-toolchain/bin/../lib/gcc/avr/5.4.0/../../../../avr/lib/avr5\libm.a(addsf3x.o) (__fp_pscB)
c:/programy/atmel/7.0/toolchain/avr8/avr8-gnu-toolchain/bin/../lib/gcc/avr/5.4.0/../../../../avr/lib/avr5\libm.a(fp_round.o)
                              c:/programy/atmel/7.0/toolchain/avr8/avr8-gnu-toolchain/bin/../lib/gcc/avr/5.4.0/../../../../avr/lib/avr5\libm.a(addsf3.o) (__fp_round)
c:/programy/atmel/7.0/toolchain/avr8/avr8-gnu-toolchain/bin/../lib/gcc/avr/5.4.0/../../../../avr/lib/avr5\libm.a(fp_split3.o)
                              c:/programy/atmel/7.0/toolchain/avr8/avr8-gnu-toolchain/bin/../lib/gcc/avr/5.4.0/../../../../avr/lib/avr5\libm.a(addsf3x.o) (__fp_split3)
c:/programy/atmel/7.0/toolchain/avr8/avr8-gnu-toolchain/bin/../lib/gcc/avr/5.4.0/../../../../avr/lib/avr5\libm.a(fp_zero.o)
                              c:/programy/atmel/7.0/toolchain/avr8/avr8-gnu-toolchain/bin/../lib/gcc/avr/5.4.0/../../../../avr/lib/avr5\libm.a(addsf3x.o) (__fp_zero)
c:/programy/atmel/7.0/toolchain/avr8/avr8-gnu-toolchain/bin/../lib/gcc/avr/5.4.0/../../../../avr/lib/avr5\libm.a(gesf2.o)
                              lib/Print.o (__gtsf2)
c:/programy/atmel/7.0/toolchain/avr8/avr8-gnu-toolchain/bin/../lib/gcc/avr/5.4.0/../../../../avr/lib/avr5\libm.a(mulsf3.o)
                              lib/Print.o (__mulsf3)
c:/programy/atmel/7.0/toolchain/avr8/avr8-gnu-toolchain/bin/../lib/gcc/avr/5.4.0/../../../../avr/lib/avr5\libm.a(mulsf3x.o)
                              c:/programy/atmel/7.0/toolchain/avr8/avr8-gnu-toolchain/bin/../lib/gcc/avr/5.4.0/../../../../avr/lib/avr5\libm.a(mulsf3.o) (__mulsf3x)
c:/programy/atmel/7.0/toolchain/avr8/avr8-gnu-toolchain/bin/../lib/gcc/avr/5.4.0/../../../../avr/lib/avr5\libm.a(unordsf2.o)
                              lib/Print.o (__unordsf2)
c:/programy/atmel/7.0/toolchain/avr8/avr8-gnu-toolchain/bin/../lib/gcc/avr/5.4.0/avr5\libgcc.a(_udivmodsi4.o)
                              lib/HardwareSerial.o (__udivmodsi4)
c:/programy/atmel/7.0/toolchain/avr8/avr8-gnu-toolchain/bin/../lib/gcc/avr/5.4.0/avr5\libgcc.a(_exit.o)
[...]
Memory Configuration

Name             Origin             Length             Attributes
text             0x00000000         0x00020000         xr
data             0x00800060         0x0000ffa0         rw !x
eeprom           0x00810000         0x00010000         rw !x
fuse             0x00820000         0x00000003         rw !x
lock             0x00830000         0x00000400         rw !x
signature        0x00840000         0x00000400         rw !x
user_signatures  0x00850000         0x00000400         rw !x
*default*        0x00000000         0xffffffff

Linker script and memory map

Address of section .data set to 0x800100
LOAD C:/Programy/Atmel/7.0/Packs/atmel/ATmega_DFP/1.3.300/gcc/dev/atmega328p/avr5/crtatmega328p.o
LOAD lib/wiring_analog.o
LOAD lib/wiring_digital.o
LOAD lib/HardwareSerial.o
LOAD lib/HardwareSerial0.o
LOAD lib/PN532.o
LOAD lib/PN532_I2C.o
LOAD lib/Print.o
LOAD lib/SoftwareSerial.o
LOAD lib/Stream.o
LOAD lib/twi.o
LOAD lib/Wire.o
LOAD lib/WString.o
LOAD main.o
START GROUP
LOAD c:/programy/atmel/7.0/toolchain/avr8/avr8-gnu-toolchain/bin/../lib/gcc/avr/5.4.0/../../../../avr/lib/avr5\libm.a
END GROUP
LOAD c:/programy/atmel/7.0/toolchain/avr8/avr8-gnu-toolchain/bin/../lib/gcc/avr/5.4.0/avr5\libgcc.a
LOAD c:/programy/atmel/7.0/toolchain/avr8/avr8-gnu-toolchain/bin/../lib/gcc/avr/5.4.0/../../../../avr/lib/avr5\libm.a
START GROUP
LOAD c:/programy/atmel/7.0/toolchain/avr8/avr8-gnu-toolchain/bin/../lib/gcc/avr/5.4.0/avr5\libgcc.a
LOAD c:/programy/atmel/7.0/toolchain/avr8/avr8-gnu-toolchain/bin/../lib/gcc/avr/5.4.0/../../../../avr/lib/avr5\libm.a
LOAD c:/programy/atmel/7.0/toolchain/avr8/avr8-gnu-toolchain/bin/../lib/gcc/avr/5.4.0/../../../../avr/lib/avr5\libc.a
LOAD C:/Programy/Atmel/7.0/Packs/atmel/ATmega_DFP/1.3.300/gcc/dev/atmega328p/avr5\libatmega328p.a
END GROUP
                0x00000000                __TEXT_REGION_ORIGIN__ = DEFINED (__TEXT_REGION_ORIGIN__)?__TEXT_REGION_ORIGIN__:0x0
                0x00800060                __DATA_REGION_ORIGIN__ = DEFINED (__DATA_REGION_ORIGIN__)?__DATA_REGION_ORIGIN__:0x800060
                0x00020000                __TEXT_REGION_LENGTH__ = DEFINED (__TEXT_REGION_LENGTH__)?__TEXT_REGION_LENGTH__:0x20000
                0x0000ffa0                __DATA_REGION_LENGTH__ = DEFINED (__DATA_REGION_LENGTH__)?__DATA_REGION_LENGTH__:0xffa0
                0x00010000                __EEPROM_REGION_LENGTH__ = DEFINED (__EEPROM_REGION_LENGTH__)?__EEPROM_REGION_LENGTH__:0x10000
                [0x00000003]                __FUSE_REGION_LENGTH__ = DEFINED (__FUSE_REGION_LENGTH__)?__FUSE_REGION_LENGTH__:0x400
                0x00000400                __LOCK_REGION_LENGTH__ = DEFINED (__LOCK_REGION_LENGTH__)?__LOCK_REGION_LENGTH__:0x400
                0x00000400                __SIGNATURE_REGION_LENGTH__ = DEFINED (__SIGNATURE_REGION_LENGTH__)?__SIGNATURE_REGION_LENGTH__:0x400
                0x00000400                __USER_SIGNATURE_REGION_LENGTH__ = DEFINED (__USER_SIGNATURE_REGION_LENGTH__)?__USER_SIGNATURE_REGION_LENGTH__:0x400

.hash
 *(.hash)

.dynsym
 *(.dynsym)

.dynstr
 *(.dynstr)

.gnu.version
 *(.gnu.version)

.gnu.version_d
 *(.gnu.version_d)

.gnu.version_r
 *(.gnu.version_r)

.rel.init
 *(.rel.init)

.rela.init
 *(.rela.init)

.rel.text
 *(.rel.text)
 *(.rel.text.*)
 *(.rel.gnu.linkonce.t*)

.rela.text
 *(.rela.text)
 *(.rela.text.*)
 *(.rela.gnu.linkonce.t*)

.rel.fini
 *(.rel.fini)

.rela.fini
 *(.rela.fini)

.rel.rodata
 *(.rel.rodata)
 *(.rel.rodata.*)
 *(.rel.gnu.linkonce.r*)

.rela.rodata
 *(.rela.rodata)
 *(.rela.rodata.*)
 *(.rela.gnu.linkonce.r*)

.rel.data
 *(.rel.data)
 *(.rel.data.*)
 *(.rel.gnu.linkonce.d*)

.rela.data
 *(.rela.data)
 *(.rela.data.*)
 *(.rela.gnu.linkonce.d*)

.rel.ctors
 *(.rel.ctors)

.rela.ctors
 *(.rela.ctors)

.rel.dtors
 *(.rel.dtors)

.rela.dtors
 *(.rela.dtors)

.rel.got
 *(.rel.got)

.rela.got
 *(.rela.got)

.rel.bss
 *(.rel.bss)

.rela.bss
 *(.rela.bss)

.rel.plt
 *(.rel.plt)

.rela.plt
 *(.rela.plt)

.text           0x00000000     0x1656
 *(.vectors)
 .vectors       0x00000000       0x68 C:/Programy/Atmel/7.0/Packs/atmel/ATmega_DFP/1.3.300/gcc/dev/atmega328p/avr5/crtatmega328p.o
                0x00000000                __vector_default
                0x00000000                __vectors
 *(.vectors)
 *(.progmem.gcc*)
 .progmem.gcc_sw_table.__vector_24
                0x00000068      0x192 lib/twi.o
                0x000001fa                . = ALIGN (0x2)
                0x000001fa                __trampolines_start = .
 *(.trampolines)
 .trampolines   0x000001fa        0x0 linker stubs
 *(.trampolines*)
                0x000001fa                __trampolines_end = .
 *libprintf_flt.a:*(.progmem.data)
 *libc.a:*(.progmem.data)
 *(.progmem*)
 .progmem.data.digital_pin_to_timer_PGM
                0x000001fa       0x14 lib/wiring_digital.o
                0x000001fa                digital_pin_to_timer_PGM
 .progmem.data.digital_pin_to_bit_mask_PGM
                0x0000020e       0x14 lib/wiring_digital.o
                0x0000020e                digital_pin_to_bit_mask_PGM
 .progmem.data.digital_pin_to_port_PGM
                0x00000222       0x14 lib/wiring_digital.o
                0x00000222                digital_pin_to_port_PGM
 .progmem.data.port_to_output_PGM
                0x00000236        0xa lib/wiring_digital.o
                0x00000236                port_to_output_PGM
                0x00000240                . = ALIGN (0x2)
 *(.jumptables)
 *(.jumptables*)
 *(.lowtext)
 *(.lowtext*)
                0x00000240                __ctors_start = .
 *(.ctors)
 .ctors         0x00000240        0x2 lib/HardwareSerial0.o
 .ctors         0x00000242        0x2 lib/Wire.o
 .ctors         0x00000244        0x2 main.o
                0x00000246                __ctors_end = .
                0x00000246                __dtors_start = .
 *(.dtors)
                0x00000246                __dtors_end = .
 SORT(*)(.ctors)
 SORT(*)(.dtors)
 *(.init0)
 .init0         0x00000246        0x0 C:/Programy/Atmel/7.0/Packs/atmel/ATmega_DFP/1.3.300/gcc/dev/atmega328p/avr5/crtatmega328p.o
                0x00000246                __init
 *(.init0)
 *(.init1)
 *(.init1)
 *(.init2)
 .init2         0x00000246        0xc C:/Programy/Atmel/7.0/Packs/atmel/ATmega_DFP/1.3.300/gcc/dev/atmega328p/avr5/crtatmega328p.o
 *(.init2)
 *(.init3)
 *(.init3)
 *(.init4)
 .init4         0x00000252       0x16 c:/programy/atmel/7.0/toolchain/avr8/avr8-gnu-toolchain/bin/../lib/gcc/avr/5.4.0/avr5\libgcc.a(_copy_data.o)
                0x00000252                __do_copy_data
 .init4         0x00000268       0x10 c:/programy/atmel/7.0/toolchain/avr8/avr8-gnu-toolchain/bin/../lib/gcc/avr/5.4.0/avr5\libgcc.a(_clear_bss.o)
                0x00000268                __do_clear_bss
 *(.init4)
 *(.init5)
 *(.init5)
 *(.init6)
 .init6         0x00000278       0x16 c:/programy/atmel/7.0/toolchain/avr8/avr8-gnu-toolchain/bin/../lib/gcc/avr/5.4.0/avr5\libgcc.a(_ctors.o)
                0x00000278                __do_global_ctors
 *(.init6)
 *(.init7)
 *(.init7)
 *(.init8)
 *(.init8)
 *(.init9)
 .init9         0x0000028e        0x8 C:/Programy/Atmel/7.0/Packs/atmel/ATmega_DFP/1.3.300/gcc/dev/atmega328p/avr5/crtatmega328p.o
 *(.init9)
 *(.text)
 .text          0x00000296        0x4 C:/Programy/Atmel/7.0/Packs/atmel/ATmega_DFP/1.3.300/gcc/dev/atmega328p/avr5/crtatmega328p.o
                0x00000296                __vector_22
                0x00000296                __vector_12
                0x00000296                __bad_interrupt
                0x00000296                __vector_6
                0x00000296                __vector_23
                0x00000296                __vector_25
                0x00000296                __vector_11
                0x00000296                __vector_13
                0x00000296                __vector_17
                0x00000296                __vector_7
                0x00000296                __vector_9
                0x00000296                __vector_2
                0x00000296                __vector_21
                0x00000296                __vector_15
                0x00000296                __vector_8
                0x00000296                __vector_14
                0x00000296                __vector_10
                0x00000296                __vector_16
                0x00000296                __vector_20
                0x0000029a                . = ALIGN (0x2)
 *(.text.*)
 .text.turnOffPWM
                0x0000029a       0x5e lib/wiring_digital.o
 .text.digitalWrite
                0x000002f8       0x62 lib/wiring_digital.o
                0x000002f8                digitalWrite
 .text._ZN14HardwareSerial9availableEv
                0x0000035a       0x18 lib/HardwareSerial.o
                0x0000035a                _ZN14HardwareSerial9availableEv
 .text._ZN14HardwareSerial4peekEv
                0x00000372       0x1c lib/HardwareSerial.o
                0x00000372                _ZN14HardwareSerial4peekEv
 .text._ZN14HardwareSerial4readEv
                0x0000038e       0x28 lib/HardwareSerial.o
                0x0000038e                _ZN14HardwareSerial4readEv
 .text._ZN14HardwareSerial17availableForWriteEv
                0x000003b6       0x24 lib/HardwareSerial.o
                0x000003b6                _ZN14HardwareSerial17availableForWriteEv
 .text._ZN14HardwareSerial17_tx_udr_empty_irqEv
                0x000003da       0x56 lib/HardwareSerial.o
                0x000003da                _ZN14HardwareSerial17_tx_udr_empty_irqEv
 .text._ZN14HardwareSerial5flushEv
                0x00000430       0x48 lib/HardwareSerial.o
                0x00000430                _ZN14HardwareSerial5flushEv
 .text._ZN14HardwareSerial5writeEh
                0x00000478       0xaa lib/HardwareSerial.o
                0x00000478                _ZN14HardwareSerial5writeEh
 .text._ZN14HardwareSerial5beginEmh
                0x00000522       0xca lib/HardwareSerial.o
                0x00000522                _ZN14HardwareSerial5beginEmh
 .text._ZN5Print17availableForWriteEv
                0x000005ec        0x6 lib/HardwareSerial0.o
                0x000005ec                _ZN5Print17availableForWriteEv
 .text.__vector_18
                0x000005f2       0x70 lib/HardwareSerial0.o
                0x000005f2                __vector_18
 .text.__vector_19
                0x00000662       0x4c lib/HardwareSerial0.o
                0x00000662                __vector_19
 .text._GLOBAL__sub_I___vector_18
                0x000006ae       0x5a lib/HardwareSerial0.o
 .text._ZN5PN532C2ER14PN532Interface
                0x00000708        0xc lib/PN532.o
                0x00000708                _ZN5PN532C2ER14PN532Interface
                0x00000708                _ZN5PN532C1ER14PN532Interface
 .text._ZN5PN5325beginEv
                0x00000714       0x34 lib/PN532.o
                0x00000714                _ZN5PN5325beginEv
 .text._ZN5PN53218getFirmwareVersionEv
                0x00000748       0xb0 lib/PN532.o
                0x00000748                _ZN5PN53218getFirmwareVersionEv
 .text._ZN9PN532_I2C5beginEv
                0x000007f8        0xc lib/PN532_I2C.o
                0x000007f8                _ZN9PN532_I2C5beginEv
 .text._ZN9PN532_I2C6wakeupEv
                0x00000804       0x14 lib/PN532_I2C.o
                0x00000804                _ZN9PN532_I2C6wakeupEv
 .text._ZN9PN532_I2CC2ER7TwoWire
                0x00000818       0x12 lib/PN532_I2C.o
                0x00000818                _ZN9PN532_I2CC2ER7TwoWire
                0x00000818                _ZN9PN532_I2CC1ER7TwoWire
 .text._ZN9PN532_I2C17getResponseLengthEPhhj
                0x0000082a       0x66 lib/PN532_I2C.o
                0x0000082a                _ZN9PN532_I2C17getResponseLengthEPhhj
 .text._ZN9PN532_I2C12readResponseEPhhj
                0x00000890       0x7a lib/PN532_I2C.o
                0x00000890                _ZN9PN532_I2C12readResponseEPhhj
 .text._ZN9PN532_I2C12readAckFrameEv
                0x0000090a       0xc6 lib/PN532_I2C.o
                0x0000090a                _ZN9PN532_I2C12readAckFrameEv
 .text._ZN9PN532_I2C12writeCommandEPKhhS1_h
                0x000009d0       0x76 lib/PN532_I2C.o
                0x000009d0                _ZN9PN532_I2C12writeCommandEPKhhS1_h
 .text._ZN5Print5writeEPKhj
                0x00000a46       0x5e lib/Print.o
                0x00000a46                _ZN5Print5writeEPKhj
 .text._ZN5Print5printEPKc
                0x00000aa4       0x2c lib/Print.o
                0x00000aa4                _ZN5Print5printEPKc
 .text._ZN5Print5printEc
                0x00000ad0       0x10 lib/Print.o
                0x00000ad0                _ZN5Print5printEc
 .text._ZN5Print7printlnEv
                0x00000ae0       0x18 lib/Print.o
                0x00000ae0                _ZN5Print7printlnEv
 .text._ZN5Print7printlnEPKc
                0x00000af8       0x24 lib/Print.o
                0x00000af8                _ZN5Print7printlnEPKc
 .text._ZN5Print11printNumberEmh
                0x00000b1c       0xbe lib/Print.o
                0x00000b1c                _ZN5Print11printNumberEmh
 .text._ZN5Print5printEmi
                0x00000bda       0x1e lib/Print.o
                0x00000bda                _ZN5Print5printEmi
 .text._ZN5Print5printEhi
                0x00000bf8       0x10 lib/Print.o
                0x00000bf8                _ZN5Print5printEhi
 .text._ZN5Print7printlnEhi
                0x00000c08       0x24 lib/Print.o
                0x00000c08                _ZN5Print7printlnEhi
 .text.__vector_3
                0x00000c2c      0x15c lib/SoftwareSerial.o
                0x00000c2c                __vector_5
                0x00000c2c                __vector_4
                0x00000c2c                __vector_3
 .text.twi_init
                0x00000d88       0x3c lib/twi.o
                0x00000d88                twi_init
 .text.twi_readFrom
                0x00000dc4       0xa4 lib/twi.o
                0x00000dc4                twi_readFrom
 .text.twi_writeTo
                0x00000e68       0xc6 lib/twi.o
                0x00000e68                twi_writeTo
 .text.twi_transmit
                0x00000f2e       0x54 lib/twi.o
                0x00000f2e                twi_transmit
 .text.twi_attachSlaveRxEvent
                0x00000f82        0xa lib/twi.o
                0x00000f82                twi_attachSlaveRxEvent
 .text.twi_attachSlaveTxEvent
                0x00000f8c        0xa lib/twi.o
                0x00000f8c                twi_attachSlaveTxEvent
 .text.twi_stop
                0x00000f96       0x16 lib/twi.o
                0x00000f96                twi_stop
 .text.twi_releaseBus
                0x00000fac        0xc lib/twi.o
                0x00000fac                twi_releaseBus
 .text.__vector_24
                0x00000fb8      0x242 lib/twi.o
                0x00000fb8                __vector_24
 .text._ZN7TwoWire9availableEv
                0x000011fa       0x10 lib/Wire.o
                0x000011fa                _ZN7TwoWire9availableEv
 .text._ZN7TwoWire4readEv
                0x0000120a       0x28 lib/Wire.o
                0x0000120a                _ZN7TwoWire4readEv
 .text._ZN7TwoWire4peekEv
                0x00001232       0x1e lib/Wire.o
                0x00001232                _ZN7TwoWire4peekEv
 .text._ZN7TwoWire5flushEv
                0x00001250        0x2 lib/Wire.o
                0x00001250                _ZN7TwoWire5flushEv
 .text._ZN7TwoWire16onReceiveServiceEPhi
                0x00001252       0x58 lib/Wire.o
                0x00001252                _ZN7TwoWire16onReceiveServiceEPhi
 .text._ZN7TwoWire16onRequestServiceEv
                0x000012aa       0x18 lib/Wire.o
                0x000012aa                _ZN7TwoWire16onRequestServiceEv
 .text._ZN7TwoWire5writeEPKhj
                0x000012c2       0x60 lib/Wire.o
                0x000012c2                _ZN7TwoWire5writeEPKhj
 .text._ZN7TwoWire5writeEh
                0x00001322       0x62 lib/Wire.o
                0x00001322                _ZN7TwoWire5writeEh
 .text._ZN7TwoWireC2Ev
                0x00001384       0x20 lib/Wire.o
                0x00001384                _ZN7TwoWireC1Ev
                0x00001384                _ZN7TwoWireC2Ev
 .text._ZN7TwoWire5beginEv
                0x000013a4       0x26 lib/Wire.o
                0x000013a4                _ZN7TwoWire5beginEv
 .text._ZN7TwoWire17beginTransmissionEh
                0x000013ca       0x14 lib/Wire.o
                0x000013ca                _ZN7TwoWire17beginTransmissionEh
 .text._ZN7TwoWire17beginTransmissionEi
                0x000013de        0x6 lib/Wire.o
                0x000013de                _ZN7TwoWire17beginTransmissionEi
 .text._ZN7TwoWire15endTransmissionEh
                0x000013e4       0x26 lib/Wire.o
                0x000013e4                _ZN7TwoWire15endTransmissionEh
 .text._ZN7TwoWire11requestFromEhhmhh
                0x0000140a       0xb2 lib/Wire.o
                0x0000140a                _ZN7TwoWire11requestFromEhhmhh
 .text._ZN7TwoWire11requestFromEhhh
                0x000014bc       0x20 lib/Wire.o
                0x000014bc                _ZN7TwoWire11requestFromEhhh
 .text._ZN7TwoWire11requestFromEii
                0x000014dc        0x8 lib/Wire.o
                0x000014dc                _ZN7TwoWire11requestFromEii
 .text._ZN7TwoWire15endTransmissionEv
                0x000014e4        0x8 lib/Wire.o
                0x000014e4                _ZN7TwoWire15endTransmissionEv
 .text._GLOBAL__sub_I__ZN7TwoWire8rxBufferE
                0x000014ec        0xa lib/Wire.o
 .text.main     0x000014f6       0x4c main.o
                0x000014f6                main
 .text.__vector_1
                0x00001542       0x8c main.o
                0x00001542                __vector_1
 .text._GLOBAL__sub_I_pn532i2c
                0x000015ce       0x1a main.o
 .text.libgcc.div
                0x000015e8       0x44 c:/programy/atmel/7.0/toolchain/avr8/avr8-gnu-toolchain/bin/../lib/gcc/avr/5.4.0/avr5\libgcc.a(_udivmodsi4.o)
                0x000015e8                __udivmodsi4
 .text.libgcc   0x0000162c        0xc c:/programy/atmel/7.0/toolchain/avr8/avr8-gnu-toolchain/bin/../lib/gcc/avr/5.4.0/avr5\libgcc.a(_tablejump2.o)
                0x0000162c                __tablejump2__
 .text.avr-libc
                0x00001638       0x1a c:/programy/atmel/7.0/toolchain/avr8/avr8-gnu-toolchain/bin/../lib/gcc/avr/5.4.0/../../../../avr/lib/avr5\libc.a(memcmp.o)
                0x00001638                memcmp
                0x00001652                . = ALIGN (0x2)
 *(.fini9)
 .fini9         0x00001652        0x0 c:/programy/atmel/7.0/toolchain/avr8/avr8-gnu-toolchain/bin/../lib/gcc/avr/5.4.0/avr5\libgcc.a(_exit.o)
                0x00001652                _exit
                0x00001652                exit
 *(.fini9)
 *(.fini8)
 *(.fini8)
 *(.fini7)
 *(.fini7)
 *(.fini6)
 *(.fini6)
 *(.fini5)
 *(.fini5)
 *(.fini4)
 *(.fini4)
 *(.fini3)
 *(.fini3)
 *(.fini2)
 *(.fini2)
 *(.fini1)
 *(.fini1)
 *(.fini0)
 .fini0         0x00001652        0x4 c:/programy/atmel/7.0/toolchain/avr8/avr8-gnu-toolchain/bin/../lib/gcc/avr/5.4.0/avr5\libgcc.a(_exit.o)
 *(.fini0)
                0x00001656                _etext = .

.data           0x00800100       0xe8 load address 0x00001656
                0x00800100                PROVIDE (__data_start, .)
 *(.data)
 *(.data*)
 *(.gnu.linkonce.d*)
 *(.rodata)
 .rodata        0x00800100        0x6 lib/PN532_I2C.o
 *(.rodata*)
 .rodata._ZTV14HardwareSerial
                0x00800106       0x12 lib/HardwareSerial.o
                0x00800106                _ZTV14HardwareSerial
 .rodata.str1.1
                0x00800118       0x8f lib/PN532_I2C.o
 .rodata._ZTV9PN532_I2C
                0x008001a7        0xc lib/PN532_I2C.o
                0x008001a7                _ZTV9PN532_I2C
 .rodata.str1.1
                0x008001b3        0xf lib/Print.o
 .rodata._ZTV7TwoWire
                0x008001c2       0x12 lib/Wire.o
                0x008001c2                _ZTV7TwoWire
 .rodata.str1.1
                0x008001d4       0x13 main.o
 *(.gnu.linkonce.r*)
                0x008001e8                . = ALIGN (0x2)
 *fill*         0x008001e7        0x1 
                0x008001e8                _edata = .
                0x008001e8                PROVIDE (__data_end, .)

.bss            0x008001e8      0x20b
                0x008001e8                PROVIDE (__bss_start, .)
 *(.bss)
 *(.bss*)
 .bss.Serial    0x008001e8       0x9d lib/HardwareSerial0.o
                0x008001e8                Serial
 .bss._ZN14SoftwareSerial20_receive_buffer_headE
                0x00800285        0x1 lib/SoftwareSerial.o
                0x00800285                _ZN14SoftwareSerial20_receive_buffer_headE
 .bss._ZN14SoftwareSerial20_receive_buffer_tailE
                0x00800286        0x1 lib/SoftwareSerial.o
                0x00800286                _ZN14SoftwareSerial20_receive_buffer_tailE
 .bss._ZN14SoftwareSerial15_receive_bufferE
                0x00800287       0x40 lib/SoftwareSerial.o
                0x00800287                _ZN14SoftwareSerial15_receive_bufferE
 .bss._ZN14SoftwareSerial13active_objectE
                0x008002c7        0x2 lib/SoftwareSerial.o
                0x008002c7                _ZN14SoftwareSerial13active_objectE
 .bss.twi_error
                0x008002c9        0x1 lib/twi.o
 .bss.twi_rxBufferIndex
                0x008002ca        0x1 lib/twi.o
 .bss.twi_rxBuffer
                0x008002cb       0x20 lib/twi.o
 .bss.twi_txBufferLength
                0x008002eb        0x1 lib/twi.o
 .bss.twi_txBufferIndex
                0x008002ec        0x1 lib/twi.o
 .bss.twi_txBuffer
                0x008002ed       0x20 lib/twi.o
 .bss.twi_masterBufferLength
                0x0080030d        0x1 lib/twi.o
 .bss.twi_masterBufferIndex
                0x0080030e        0x1 lib/twi.o
 .bss.twi_masterBuffer
                0x0080030f       0x20 lib/twi.o
 .bss.twi_onSlaveReceive
                0x0080032f        0x2 lib/twi.o
 .bss.twi_onSlaveTransmit
                0x00800331        0x2 lib/twi.o
 .bss.twi_inRepStart
                0x00800333        0x1 lib/twi.o
 .bss.twi_sendStop
                0x00800334        0x1 lib/twi.o
 .bss.twi_slarw
                0x00800335        0x1 lib/twi.o
 .bss.twi_state
                0x00800336        0x1 lib/twi.o
 .bss.Wire      0x00800337        0xc lib/Wire.o
                0x00800337                Wire
 .bss._ZN7TwoWire14user_onReceiveE
                0x00800343        0x2 lib/Wire.o
                0x00800343                _ZN7TwoWire14user_onReceiveE
 .bss._ZN7TwoWire14user_onRequestE
                0x00800345        0x2 lib/Wire.o
                0x00800345                _ZN7TwoWire14user_onRequestE
 .bss._ZN7TwoWire12transmittingE
                0x00800347        0x1 lib/Wire.o
                0x00800347                _ZN7TwoWire12transmittingE
 .bss._ZN7TwoWire14txBufferLengthE
                0x00800348        0x1 lib/Wire.o
                0x00800348                _ZN7TwoWire14txBufferLengthE
 .bss._ZN7TwoWire13txBufferIndexE
                0x00800349        0x1 lib/Wire.o
                0x00800349                _ZN7TwoWire13txBufferIndexE
 .bss._ZN7TwoWire8txBufferE
                0x0080034a       0x20 lib/Wire.o
                0x0080034a                _ZN7TwoWire8txBufferE
 .bss._ZN7TwoWire9txAddressE
                0x0080036a        0x1 lib/Wire.o
                0x0080036a                _ZN7TwoWire9txAddressE
 .bss._ZN7TwoWire14rxBufferLengthE
                0x0080036b        0x1 lib/Wire.o
                0x0080036b                _ZN7TwoWire14rxBufferLengthE
 .bss._ZN7TwoWire13rxBufferIndexE
                0x0080036c        0x1 lib/Wire.o
                0x0080036c                _ZN7TwoWire13rxBufferIndexE
 .bss._ZN7TwoWire8rxBufferE
                0x0080036d       0x20 lib/Wire.o
                0x0080036d                _ZN7TwoWire8rxBufferE
 .bss.RFID      0x0080038d       0x61 main.o
                0x0080038d                RFID
 .bss.pn532i2c  0x008003ee        0x5 main.o
                0x008003ee                pn532i2c
 *(COMMON)
                0x008003f3                PROVIDE (__bss_end, .)
                0x00001656                __data_load_start = LOADADDR (.data)
                0x0000173e                __data_load_end = (__data_load_start + SIZEOF (.data))

.noinit         0x008003f3        0x0
                [!provide]                PROVIDE (__noinit_start, .)
 *(.noinit*)
                [!provide]                PROVIDE (__noinit_end, .)
                0x008003f3                _end = .
                0x008003f3                PROVIDE (__heap_start, .)

.eeprom         0x00810000        0x0
 *(.eeprom*)
                0x00810000                __eeprom_end = .

.fuse
 *(.fuse)
 *(.lfuse)
 *(.hfuse)
 *(.efuse)

.lock
 *(.lock*)

.signature
 *(.signature*)

.user_signatures
 *(.user_signatures*)

.stab
 *(.stab)

.stabstr
 *(.stabstr)

.stab.excl
 *(.stab.excl)

.stab.exclstr
 *(.stab.exclstr)

.stab.index
 *(.stab.index)

.stab.indexstr
 *(.stab.indexstr)

.comment        0x00000000       0x30
 *(.comment)
 .comment       0x00000000       0x30 lib/wiring_digital.o
                                 0x31 (size before relaxing)
 .comment       0x00000030       0x31 lib/HardwareSerial.o
 .comment       0x00000030       0x31 lib/HardwareSerial0.o
 .comment       0x00000030       0x31 lib/PN532.o
 .comment       0x00000030       0x31 lib/PN532_I2C.o
 .comment       0x00000030       0x31 lib/Print.o
 .comment       0x00000030       0x31 lib/SoftwareSerial.o
 .comment       0x00000030       0x31 lib/twi.o
 .comment       0x00000030       0x31 lib/Wire.o
 .comment       0x00000030       0x31 main.o

.note.gnu.avr.deviceinfo
                0x00000000       0x40
 .note.gnu.avr.deviceinfo
                0x00000000       0x40 C:/Programy/Atmel/7.0/Packs/atmel/ATmega_DFP/1.3.300/gcc/dev/atmega328p/avr5/crtatmega328p.o

.note.gnu.build-id
 *(.note.gnu.build-id)

.debug
 *(.debug)

.line
 *(.line)

.debug_srcinfo
 *(.debug_srcinfo)

.debug_sfnames
 *(.debug_sfnames)

.debug_aranges  0x00000000      0x5c8
 *(.debug_aranges)
 .debug_aranges
                0x00000000       0x38 lib/wiring_digital.o
 .debug_aranges
                0x00000038       0x68 lib/HardwareSerial.o
 .debug_aranges
                0x000000a0       0x48 lib/HardwareSerial0.o
 .debug_aranges
                0x000000e8      0x148 lib/PN532.o
 .debug_aranges
                0x00000230       0x50 lib/PN532_I2C.o
 .debug_aranges
                0x00000280       0xf8 lib/Print.o
 .debug_aranges
                0x00000378       0xa8 lib/SoftwareSerial.o
 .debug_aranges
                0x00000420       0x80 lib/twi.o
 .debug_aranges
                0x000004a0       0xf8 lib/Wire.o
 .debug_aranges
                0x00000598       0x30 main.o

.debug_pubnames
 *(.debug_pubnames)

.debug_info     0x00000000    0x10087
 *(.debug_info .gnu.linkonce.wi.*)
 .debug_info    0x00000000      0x5f4 C:/Programy/Atmel/7.0/Packs/atmel/ATmega_DFP/1.3.300/gcc/dev/atmega328p/avr5/crtatmega328p.o
 .debug_info    0x000005f4      0x5db lib/wiring_digital.o
 .debug_info    0x00000bcf     0x1c39 lib/HardwareSerial.o
 .debug_info    0x00002808     0x18b9 lib/HardwareSerial0.o
 .debug_info    0x000040c1     0x2fa1 lib/PN532.o
 .debug_info    0x00007062      0xc07 lib/PN532_I2C.o
 .debug_info    0x00007c69     0x2568 lib/Print.o
 .debug_info    0x0000a1d1     0x260b lib/SoftwareSerial.o
 .debug_info    0x0000c7dc      0x728 lib/twi.o
 .debug_info    0x0000cf04     0x2521 lib/Wire.o
 .debug_info    0x0000f425      0xc62 main.o

.debug_abbrev   0x00000000     0x29b9
 *(.debug_abbrev)
 .debug_abbrev  0x00000000      0x5a2 C:/Programy/Atmel/7.0/Packs/atmel/ATmega_DFP/1.3.300/gcc/dev/atmega328p/avr5/crtatmega328p.o
 .debug_abbrev  0x000005a2      0x149 lib/wiring_digital.o
 .debug_abbrev  0x000006eb      0x417 lib/HardwareSerial.o
 .debug_abbrev  0x00000b02      0x39d lib/HardwareSerial0.o
 .debug_abbrev  0x00000e9f      0x3a8 lib/PN532.o
 .debug_abbrev  0x00001247      0x3ae lib/PN532_I2C.o
 .debug_abbrev  0x000015f5      0x3ce lib/Print.o
 .debug_abbrev  0x000019c3      0x5c9 lib/SoftwareSerial.o
 .debug_abbrev  0x00001f8c      0x252 lib/twi.o
 .debug_abbrev  0x000021de      0x520 lib/Wire.o
 .debug_abbrev  0x000026fe      0x2bb main.o

.debug_line     0x00000000     0x3b22
 *(.debug_line .debug_line.* .debug_line_end)
 .debug_line    0x00000000      0x133 C:/Programy/Atmel/7.0/Packs/atmel/ATmega_DFP/1.3.300/gcc/dev/atmega328p/avr5/crtatmega328p.o
 .debug_line    0x00000133      0x22c lib/wiring_digital.o
 .debug_line    0x0000035f      0x4af lib/HardwareSerial.o
 .debug_line    0x0000080e      0x255 lib/HardwareSerial0.o
 .debug_line    0x00000a63     0x11df lib/PN532.o
 .debug_line    0x00001c42      0x3ad lib/PN532_I2C.o
 .debug_line    0x00001fef      0x692 lib/Print.o
 .debug_line    0x00002681      0x744 lib/SoftwareSerial.o
 .debug_line    0x00002dc5      0x56f lib/twi.o
 .debug_line    0x00003334      0x5a0 lib/Wire.o
 .debug_line    0x000038d4      0x24e main.o

.debug_frame    0x00000000     0x154c
 *(.debug_frame)
 .debug_frame   0x00000000       0x7c lib/wiring_digital.o
 .debug_frame   0x0000007c      0x104 lib/HardwareSerial.o
 .debug_frame   0x00000180       0xec lib/HardwareSerial0.o
 .debug_frame   0x0000026c      0x808 lib/PN532.o
 .debug_frame   0x00000a74      0x118 lib/PN532_I2C.o
 .debug_frame   0x00000b8c      0x3a0 lib/Print.o
 .debug_frame   0x00000f2c      0x1dc lib/SoftwareSerial.o
 .debug_frame   0x00001108      0x134 lib/twi.o
 .debug_frame   0x0000123c      0x280 lib/Wire.o
 .debug_frame   0x000014bc       0x90 main.o

.debug_str      0x00000000     0x35d7
 *(.debug_str)
 .debug_str     0x00000000      0x208 C:/Programy/Atmel/7.0/Packs/atmel/ATmega_DFP/1.3.300/gcc/dev/atmega328p/avr5/crtatmega328p.o
 .debug_str     0x00000208      0x23a lib/wiring_digital.o
                                0x273 (size before relaxing)
 .debug_str     0x00000442     0x12ca lib/HardwareSerial.o
                               0x13f9 (size before relaxing)
 .debug_str     0x0000170c       0xcf lib/HardwareSerial0.o
                               0x1206 (size before relaxing)
 .debug_str     0x000017db      0xaf8 lib/PN532.o
                                0xd88 (size before relaxing)
 .debug_str     0x000022d3      0x3af lib/PN532_I2C.o
                                0x684 (size before relaxing)
 .debug_str     0x00002682      0x345 lib/Print.o
                               0x102c (size before relaxing)
 .debug_str     0x000029c7      0x5b7 lib/SoftwareSerial.o
                               0x1700 (size before relaxing)
 .debug_str     0x00002f7e      0x1d6 lib/twi.o
                                0x378 (size before relaxing)
 .debug_str     0x00003154      0x448 lib/Wire.o
                               0x16a8 (size before relaxing)
 .debug_str     0x0000359c       0x3b main.o
                                0xbec (size before relaxing)

.debug_loc      0x00000000     0x8786
 *(.debug_loc)
 .debug_loc     0x00000000      0x5c4 lib/wiring_digital.o
 .debug_loc     0x000005c4      0x4e0 lib/HardwareSerial.o
 .debug_loc     0x00000aa4      0x1ca lib/HardwareSerial0.o
 .debug_loc     0x00000c6e     0x378b lib/PN532.o
 .debug_loc     0x000043f9      0x752 lib/PN532_I2C.o
 .debug_loc     0x00004b4b     0x1bd5 lib/Print.o
 .debug_loc     0x00006720      0xd72 lib/SoftwareSerial.o
 .debug_loc     0x00007492      0x508 lib/twi.o
 .debug_loc     0x0000799a      0xc26 lib/Wire.o
 .debug_loc     0x000085c0      0x1c6 main.o

.debug_macinfo
 *(.debug_macinfo)

.debug_weaknames
 *(.debug_weaknames)

.debug_funcnames
 *(.debug_funcnames)

.debug_typenames
 *(.debug_typenames)

.debug_varnames
 *(.debug_varnames)

.debug_pubtypes
 *(.debug_pubtypes)

.debug_ranges   0x00000000      0x600
 *(.debug_ranges)
 .debug_ranges  0x00000000       0x28 lib/wiring_digital.o
 .debug_ranges  0x00000028       0x58 lib/HardwareSerial.o
 .debug_ranges  0x00000080       0x38 lib/HardwareSerial0.o
 .debug_ranges  0x000000b8      0x150 lib/PN532.o
 .debug_ranges  0x00000208       0x70 lib/PN532_I2C.o
 .debug_ranges  0x00000278      0x118 lib/Print.o
 .debug_ranges  0x00000390       0xf8 lib/SoftwareSerial.o
 .debug_ranges  0x00000488       0x70 lib/twi.o
 .debug_ranges  0x000004f8       0xe8 lib/Wire.o
 .debug_ranges  0x000005e0       0x20 main.o

.debug_macro
 *(.debug_macro)
OUTPUT(home_alarm.elf elf32-avr)
LOAD linker stubs
