Archive member included to satisfy reference by file (symbol)

C:\SPB_Data\home_alarm\home_alarm\home_alarm\ArduinoCore\Debug\libArduinoCore.a(Print.o)
                              main.o (_ZN5Print7printlnEPKc)
C:\SPB_Data\home_alarm\home_alarm\home_alarm\ArduinoCore\Debug\libArduinoCore.a(SoftwareSerial.o)
                              main.o (_ZN14SoftwareSerialD1Ev)
C:\SPB_Data\home_alarm\home_alarm\home_alarm\ArduinoCore\Debug\libArduinoCore.a(Tone.o)
                              main.o (_Z4tonehjm)
C:\SPB_Data\home_alarm\home_alarm\home_alarm\ArduinoCore\Debug\libArduinoCore.a(wiring_digital.o)
                              C:\SPB_Data\home_alarm\home_alarm\home_alarm\ArduinoCore\Debug\libArduinoCore.a(SoftwareSerial.o) (pinMode)
C:\SPB_Data\home_alarm\home_alarm\home_alarm\ArduinoCore\Debug\libArduinoCore.a(MFRC522.o)
                              main.o (_ZN7MFRC522C1Ev)
C:\SPB_Data\home_alarm\home_alarm\home_alarm\ArduinoCore\Debug\libArduinoCore.a(abi.o)
                              C:\SPB_Data\home_alarm\home_alarm\home_alarm\ArduinoCore\Debug\libArduinoCore.a(Print.o) (__cxa_pure_virtual)
C:\SPB_Data\home_alarm\home_alarm\home_alarm\ArduinoCore\Debug\libArduinoCore.a(HardwareSerial0.o)
                              C:\SPB_Data\home_alarm\home_alarm\home_alarm\ArduinoCore\Debug\libArduinoCore.a(MFRC522.o) (Serial)
C:\SPB_Data\home_alarm\home_alarm\home_alarm\ArduinoCore\Debug\libArduinoCore.a(wiring.o)
                              C:\SPB_Data\home_alarm\home_alarm\home_alarm\ArduinoCore\Debug\libArduinoCore.a(MFRC522.o) (millis)
C:\SPB_Data\home_alarm\home_alarm\home_alarm\ArduinoCore\Debug\libArduinoCore.a(SPI.o)
                              C:\SPB_Data\home_alarm\home_alarm\home_alarm\ArduinoCore\Debug\libArduinoCore.a(MFRC522.o) (_ZN8SPIClass13interruptModeE)
C:\SPB_Data\home_alarm\home_alarm\home_alarm\ArduinoCore\Debug\libArduinoCore.a(HardwareSerial.o)
                              C:\SPB_Data\home_alarm\home_alarm\home_alarm\ArduinoCore\Debug\libArduinoCore.a(HardwareSerial0.o) (_ZN14HardwareSerial9availableEv)
C:\SPB_Data\home_alarm\home_alarm\home_alarm\ArduinoCore\Debug\libArduinoCore.a(hooks.o)
                              C:\SPB_Data\home_alarm\home_alarm\home_alarm\ArduinoCore\Debug\libArduinoCore.a(wiring.o) (yield)
c:/programy/atmel/7.0/toolchain/avr8/avr8-gnu-toolchain/bin/../lib/gcc/avr/5.4.0/../../../../avr/lib/avr5\libm.a(addsf3.o)
                              C:\SPB_Data\home_alarm\home_alarm\home_alarm\ArduinoCore\Debug\libArduinoCore.a(Print.o) (__subsf3)
c:/programy/atmel/7.0/toolchain/avr8/avr8-gnu-toolchain/bin/../lib/gcc/avr/5.4.0/../../../../avr/lib/avr5\libm.a(addsf3x.o)
                              c:/programy/atmel/7.0/toolchain/avr8/avr8-gnu-toolchain/bin/../lib/gcc/avr/5.4.0/../../../../avr/lib/avr5\libm.a(addsf3.o) (__addsf3x)
c:/programy/atmel/7.0/toolchain/avr8/avr8-gnu-toolchain/bin/../lib/gcc/avr/5.4.0/../../../../avr/lib/avr5\libm.a(cmpsf2.o)
                              C:\SPB_Data\home_alarm\home_alarm\home_alarm\ArduinoCore\Debug\libArduinoCore.a(Print.o) (__ltsf2)
c:/programy/atmel/7.0/toolchain/avr8/avr8-gnu-toolchain/bin/../lib/gcc/avr/5.4.0/../../../../avr/lib/avr5\libm.a(divsf3.o)
                              C:\SPB_Data\home_alarm\home_alarm\home_alarm\ArduinoCore\Debug\libArduinoCore.a(Print.o) (__divsf3)
c:/programy/atmel/7.0/toolchain/avr8/avr8-gnu-toolchain/bin/../lib/gcc/avr/5.4.0/../../../../avr/lib/avr5\libm.a(divsf3x.o)
                              c:/programy/atmel/7.0/toolchain/avr8/avr8-gnu-toolchain/bin/../lib/gcc/avr/5.4.0/../../../../avr/lib/avr5\libm.a(divsf3.o) (__divsf3x)
c:/programy/atmel/7.0/toolchain/avr8/avr8-gnu-toolchain/bin/../lib/gcc/avr/5.4.0/../../../../avr/lib/avr5\libm.a(fixunssfsi.o)
                              C:\SPB_Data\home_alarm\home_alarm\home_alarm\ArduinoCore\Debug\libArduinoCore.a(Print.o) (__fixunssfsi)
c:/programy/atmel/7.0/toolchain/avr8/avr8-gnu-toolchain/bin/../lib/gcc/avr/5.4.0/../../../../avr/lib/avr5\libm.a(floatsisf.o)
                              C:\SPB_Data\home_alarm\home_alarm\home_alarm\ArduinoCore\Debug\libArduinoCore.a(Print.o) (__floatunsisf)
c:/programy/atmel/7.0/toolchain/avr8/avr8-gnu-toolchain/bin/../lib/gcc/avr/5.4.0/../../../../avr/lib/avr5\libm.a(fp_cmp.o)
                              c:/programy/atmel/7.0/toolchain/avr8/avr8-gnu-toolchain/bin/../lib/gcc/avr/5.4.0/../../../../avr/lib/avr5\libm.a(cmpsf2.o) (__fp_cmp)
c:/programy/atmel/7.0/toolchain/avr8/avr8-gnu-toolchain/bin/../lib/gcc/avr/5.4.0/../../../../avr/lib/avr5\libm.a(fp_inf.o)
                              c:/programy/atmel/7.0/toolchain/avr8/avr8-gnu-toolchain/bin/../lib/gcc/avr/5.4.0/../../../../avr/lib/avr5\libm.a(addsf3x.o) (__fp_inf)
c:/programy/atmel/7.0/toolchain/avr8/avr8-gnu-toolchain/bin/../lib/gcc/avr/5.4.0/../../../../avr/lib/avr5\libm.a(fp_nan.o)
[...]
Memory Configuration

Name             Origin             Length             Attributes
text             0x00000000         0x00020000         xr
data             0x00800060         0x0000ffa0         rw !x
eeprom           0x00810000         0x00010000         rw !x
fuse             0x00820000         0x00000003         rw !x
lock             0x00830000         0x00000400         rw !x
signature        0x00840000         0x00000400         rw !x
user_signatures  0x00850000         0x00000400         rw !x
*default*        0x00000000         0xffffffff

Linker script and memory map

Address of section .data set to 0x800100
LOAD C:/Programy/Atmel/7.0/Packs/atmel/ATmega_DFP/1.3.300/gcc/dev/atmega328p/avr5/crtatmega328p.o
LOAD main.o
START GROUP
LOAD c:/programy/atmel/7.0/toolchain/avr8/avr8-gnu-toolchain/bin/../lib/gcc/avr/5.4.0/../../../../avr/lib/avr5\libm.a
LOAD C:\SPB_Data\home_alarm\home_alarm\home_alarm\ArduinoCore\Debug\libArduinoCore.a
END GROUP
LOAD c:/programy/atmel/7.0/toolchain/avr8/avr8-gnu-toolchain/bin/../lib/gcc/avr/5.4.0/avr5\libgcc.a
LOAD c:/programy/atmel/7.0/toolchain/avr8/avr8-gnu-toolchain/bin/../lib/gcc/avr/5.4.0/../../../../avr/lib/avr5\libm.a
START GROUP
LOAD c:/programy/atmel/7.0/toolchain/avr8/avr8-gnu-toolchain/bin/../lib/gcc/avr/5.4.0/avr5\libgcc.a
LOAD c:/programy/atmel/7.0/toolchain/avr8/avr8-gnu-toolchain/bin/../lib/gcc/avr/5.4.0/../../../../avr/lib/avr5\libm.a
LOAD c:/programy/atmel/7.0/toolchain/avr8/avr8-gnu-toolchain/bin/../lib/gcc/avr/5.4.0/../../../../avr/lib/avr5\libc.a
LOAD C:/Programy/Atmel/7.0/Packs/atmel/ATmega_DFP/1.3.300/gcc/dev/atmega328p/avr5\libatmega328p.a
END GROUP
                0x00000000                __TEXT_REGION_ORIGIN__ = DEFINED (__TEXT_REGION_ORIGIN__)?__TEXT_REGION_ORIGIN__:0x0
                0x00800060                __DATA_REGION_ORIGIN__ = DEFINED (__DATA_REGION_ORIGIN__)?__DATA_REGION_ORIGIN__:0x800060
                0x00020000                __TEXT_REGION_LENGTH__ = DEFINED (__TEXT_REGION_LENGTH__)?__TEXT_REGION_LENGTH__:0x20000
                0x0000ffa0                __DATA_REGION_LENGTH__ = DEFINED (__DATA_REGION_LENGTH__)?__DATA_REGION_LENGTH__:0xffa0
                0x00010000                __EEPROM_REGION_LENGTH__ = DEFINED (__EEPROM_REGION_LENGTH__)?__EEPROM_REGION_LENGTH__:0x10000
                [0x00000003]                __FUSE_REGION_LENGTH__ = DEFINED (__FUSE_REGION_LENGTH__)?__FUSE_REGION_LENGTH__:0x400
                0x00000400                __LOCK_REGION_LENGTH__ = DEFINED (__LOCK_REGION_LENGTH__)?__LOCK_REGION_LENGTH__:0x400
                0x00000400                __SIGNATURE_REGION_LENGTH__ = DEFINED (__SIGNATURE_REGION_LENGTH__)?__SIGNATURE_REGION_LENGTH__:0x400
                0x00000400                __USER_SIGNATURE_REGION_LENGTH__ = DEFINED (__USER_SIGNATURE_REGION_LENGTH__)?__USER_SIGNATURE_REGION_LENGTH__:0x400

.hash
 *(.hash)

.dynsym
 *(.dynsym)

.dynstr
 *(.dynstr)

.gnu.version
 *(.gnu.version)

.gnu.version_d
 *(.gnu.version_d)

.gnu.version_r
 *(.gnu.version_r)

.rel.init
 *(.rel.init)

.rela.init
 *(.rela.init)

.rel.text
 *(.rel.text)
 *(.rel.text.*)
 *(.rel.gnu.linkonce.t*)

.rela.text
 *(.rela.text)
 *(.rela.text.*)
 *(.rela.gnu.linkonce.t*)

.rel.fini
 *(.rel.fini)

.rela.fini
 *(.rela.fini)

.rel.rodata
 *(.rel.rodata)
 *(.rel.rodata.*)
 *(.rel.gnu.linkonce.r*)

.rela.rodata
 *(.rela.rodata)
 *(.rela.rodata.*)
 *(.rela.gnu.linkonce.r*)

.rel.data
 *(.rel.data)
 *(.rel.data.*)
 *(.rel.gnu.linkonce.d*)

.rela.data
 *(.rela.data)
 *(.rela.data.*)
 *(.rela.gnu.linkonce.d*)

.rel.ctors
 *(.rel.ctors)

.rela.ctors
 *(.rela.ctors)

.rel.dtors
 *(.rel.dtors)

.rela.dtors
 *(.rela.dtors)

.rel.got
 *(.rel.got)

.rela.got
 *(.rela.got)

.rel.bss
 *(.rel.bss)

.rela.bss
 *(.rela.bss)

.rel.plt
 *(.rel.plt)

.rela.plt
 *(.rela.plt)

.text           0x00000000     0x1c78
 *(.vectors)
 .vectors       0x00000000       0x68 C:/Programy/Atmel/7.0/Packs/atmel/ATmega_DFP/1.3.300/gcc/dev/atmega328p/avr5/crtatmega328p.o
                0x00000000                __vector_default
                0x00000000                __vectors
 *(.vectors)
 *(.progmem.gcc*)
                0x00000068                . = ALIGN (0x2)
                0x00000068                __trampolines_start = .
 *(.trampolines)
 .trampolines   0x00000068        0x0 linker stubs
 *(.trampolines*)
                0x00000068                __trampolines_end = .
 *libprintf_flt.a:*(.progmem.data)
 *libc.a:*(.progmem.data)
 *(.progmem*)
 .progmem.data._ZL21tone_pin_to_timer_PGM
                0x00000068        0x1 C:\SPB_Data\home_alarm\home_alarm\home_alarm\ArduinoCore\Debug\libArduinoCore.a(Tone.o)
 .progmem.data.digital_pin_to_timer_PGM
                0x00000069       0x14 C:\SPB_Data\home_alarm\home_alarm\home_alarm\ArduinoCore\Debug\libArduinoCore.a(wiring_digital.o)
                0x00000069                digital_pin_to_timer_PGM
 .progmem.data.digital_pin_to_bit_mask_PGM
                0x0000007d       0x14 C:\SPB_Data\home_alarm\home_alarm\home_alarm\ArduinoCore\Debug\libArduinoCore.a(wiring_digital.o)
                0x0000007d                digital_pin_to_bit_mask_PGM
 .progmem.data.digital_pin_to_port_PGM
                0x00000091       0x14 C:\SPB_Data\home_alarm\home_alarm\home_alarm\ArduinoCore\Debug\libArduinoCore.a(wiring_digital.o)
                0x00000091                digital_pin_to_port_PGM
 .progmem.data.port_to_input_PGM
                0x000000a5        0xa C:\SPB_Data\home_alarm\home_alarm\home_alarm\ArduinoCore\Debug\libArduinoCore.a(wiring_digital.o)
                0x000000a5                port_to_input_PGM
 .progmem.data.port_to_output_PGM
                0x000000af        0xa C:\SPB_Data\home_alarm\home_alarm\home_alarm\ArduinoCore\Debug\libArduinoCore.a(wiring_digital.o)
                0x000000af                port_to_output_PGM
 .progmem.data.port_to_mode_PGM
                0x000000b9        0xa C:\SPB_Data\home_alarm\home_alarm\home_alarm\ArduinoCore\Debug\libArduinoCore.a(wiring_digital.o)
                0x000000b9                port_to_mode_PGM
                0x000000c4                . = ALIGN (0x2)
 *fill*         0x000000c3        0x1 
 *(.jumptables)
 *(.jumptables*)
 *(.lowtext)
 *(.lowtext*)
                0x000000c4                __ctors_start = .
 *(.ctors)
 .ctors         0x000000c4        0x2 main.o
 .ctors         0x000000c6        0x2 C:\SPB_Data\home_alarm\home_alarm\home_alarm\ArduinoCore\Debug\libArduinoCore.a(HardwareSerial0.o)
                0x000000c8                __ctors_end = .
                0x000000c8                __dtors_start = .
 *(.dtors)
 .dtors         0x000000c8        0x2 main.o
                0x000000ca                __dtors_end = .
 SORT(*)(.ctors)
 SORT(*)(.dtors)
 *(.init0)
 .init0         0x000000ca        0x0 C:/Programy/Atmel/7.0/Packs/atmel/ATmega_DFP/1.3.300/gcc/dev/atmega328p/avr5/crtatmega328p.o
                0x000000ca                __init
 *(.init0)
 *(.init1)
 *(.init1)
 *(.init2)
 .init2         0x000000ca        0xc C:/Programy/Atmel/7.0/Packs/atmel/ATmega_DFP/1.3.300/gcc/dev/atmega328p/avr5/crtatmega328p.o
 *(.init2)
 *(.init3)
 *(.init3)
 *(.init4)
 .init4         0x000000d6       0x16 c:/programy/atmel/7.0/toolchain/avr8/avr8-gnu-toolchain/bin/../lib/gcc/avr/5.4.0/avr5\libgcc.a(_copy_data.o)
                0x000000d6                __do_copy_data
 .init4         0x000000ec       0x10 c:/programy/atmel/7.0/toolchain/avr8/avr8-gnu-toolchain/bin/../lib/gcc/avr/5.4.0/avr5\libgcc.a(_clear_bss.o)
                0x000000ec                __do_clear_bss
 *(.init4)
 *(.init5)
 *(.init5)
 *(.init6)
 .init6         0x000000fc       0x16 c:/programy/atmel/7.0/toolchain/avr8/avr8-gnu-toolchain/bin/../lib/gcc/avr/5.4.0/avr5\libgcc.a(_ctors.o)
                0x000000fc                __do_global_ctors
 *(.init6)
 *(.init7)
 *(.init7)
 *(.init8)
 *(.init8)
 *(.init9)
 .init9         0x00000112        0x8 C:/Programy/Atmel/7.0/Packs/atmel/ATmega_DFP/1.3.300/gcc/dev/atmega328p/avr5/crtatmega328p.o
 *(.init9)
 *(.text)
 .text          0x0000011a        0x4 C:/Programy/Atmel/7.0/Packs/atmel/ATmega_DFP/1.3.300/gcc/dev/atmega328p/avr5/crtatmega328p.o
                0x0000011a                __vector_22
                0x0000011a                __vector_24
                0x0000011a                __vector_12
                0x0000011a                __bad_interrupt
                0x0000011a                __vector_6
                0x0000011a                __vector_23
                0x0000011a                __vector_25
                0x0000011a                __vector_11
                0x0000011a                __vector_13
                0x0000011a                __vector_17
                0x0000011a                __vector_9
                0x0000011a                __vector_21
                0x0000011a                __vector_15
                0x0000011a                __vector_8
                0x0000011a                __vector_14
                0x0000011a                __vector_10
                0x0000011a                __vector_20
                0x0000011e                . = ALIGN (0x2)
 *(.text.*)
 .text.main     0x0000011e       0x3a main.o
                0x0000011e                main
 .text.__vector_1
                0x00000158       0x74 main.o
                0x00000158                __vector_1
 .text.__vector_2
                0x000001cc       0x36 main.o
                0x000001cc                __vector_2
 .text._GLOBAL__sub_I_Phone
                0x00000202       0x18 main.o
 .text._GLOBAL__sub_D_Phone
                0x0000021a        0xa main.o
 .text._ZN5Print17availableForWriteEv
                0x00000224        0x6 C:\SPB_Data\home_alarm\home_alarm\home_alarm\ArduinoCore\Debug\libArduinoCore.a(Print.o)
                0x00000224                _ZN5Print17availableForWriteEv
 .text._ZN5Print5writeEPKhj
                0x0000022a       0x54 C:\SPB_Data\home_alarm\home_alarm\home_alarm\ArduinoCore\Debug\libArduinoCore.a(Print.o)
                0x0000022a                _ZN5Print5writeEPKhj
 .text._ZN5Print5writeEPKc
                0x0000027e       0x2a C:\SPB_Data\home_alarm\home_alarm\home_alarm\ArduinoCore\Debug\libArduinoCore.a(Print.o)
                0x0000027e                _ZN5Print5writeEPKc
 .text._ZN5Print7printlnEv
                0x000002a8        0x8 C:\SPB_Data\home_alarm\home_alarm\home_alarm\ArduinoCore\Debug\libArduinoCore.a(Print.o)
                0x000002a8                _ZN5Print7printlnEv
 .text._ZN5Print7printlnEPKc
                0x000002b0       0x24 C:\SPB_Data\home_alarm\home_alarm\home_alarm\ArduinoCore\Debug\libArduinoCore.a(Print.o)
                0x000002b0                _ZN5Print7printlnEPKc
 .text._ZN14SoftwareSerial4readEv
                0x000002d4       0x42 C:\SPB_Data\home_alarm\home_alarm\home_alarm\ArduinoCore\Debug\libArduinoCore.a(SoftwareSerial.o)
                0x000002d4                _ZN14SoftwareSerial4readEv
 .text._ZN14SoftwareSerial5writeEh
                0x00000316       0xa0 C:\SPB_Data\home_alarm\home_alarm\home_alarm\ArduinoCore\Debug\libArduinoCore.a(SoftwareSerial.o)
                0x00000316                _ZN14SoftwareSerial5writeEh
 .text._ZN14SoftwareSerial5flushEv
                0x000003b6        0x2 C:\SPB_Data\home_alarm\home_alarm\home_alarm\ArduinoCore\Debug\libArduinoCore.a(SoftwareSerial.o)
                0x000003b6                _ZN14SoftwareSerial5flushEv
 .text._ZN14SoftwareSerial4peekEv
                0x000003b8       0x30 C:\SPB_Data\home_alarm\home_alarm\home_alarm\ArduinoCore\Debug\libArduinoCore.a(SoftwareSerial.o)
                0x000003b8                _ZN14SoftwareSerial4peekEv
 .text._ZN14SoftwareSerial9availableEv
                0x000003e8       0x30 C:\SPB_Data\home_alarm\home_alarm\home_alarm\ArduinoCore\Debug\libArduinoCore.a(SoftwareSerial.o)
                0x000003e8                _ZN14SoftwareSerial9availableEv
 .text._ZN14SoftwareSerial13stopListeningEv
                0x00000418       0x2c C:\SPB_Data\home_alarm\home_alarm\home_alarm\ArduinoCore\Debug\libArduinoCore.a(SoftwareSerial.o)
                0x00000418                _ZN14SoftwareSerial13stopListeningEv
 .text._ZN14SoftwareSerial6listenEv
                0x00000444       0x52 C:\SPB_Data\home_alarm\home_alarm\home_alarm\ArduinoCore\Debug\libArduinoCore.a(SoftwareSerial.o)
                0x00000444                _ZN14SoftwareSerial6listenEv
 .text.__vector_3
                0x00000496       0xf4 C:\SPB_Data\home_alarm\home_alarm\home_alarm\ArduinoCore\Debug\libArduinoCore.a(SoftwareSerial.o)
                0x00000496                __vector_5
                0x00000496                __vector_4
                0x00000496                __vector_3
 .text._ZN14SoftwareSerialD2Ev
                0x0000058a        0xe C:\SPB_Data\home_alarm\home_alarm\home_alarm\ArduinoCore\Debug\libArduinoCore.a(SoftwareSerial.o)
                0x0000058a                _ZN14SoftwareSerialD1Ev
                0x0000058a                _ZN14SoftwareSerialD2Ev
 .text._ZN14SoftwareSerial5setTXEh
                0x00000598       0x52 C:\SPB_Data\home_alarm\home_alarm\home_alarm\ArduinoCore\Debug\libArduinoCore.a(SoftwareSerial.o)
                0x00000598                _ZN14SoftwareSerial5setTXEh
 .text._ZN14SoftwareSerial5setRXEh
                0x000005ea       0x52 C:\SPB_Data\home_alarm\home_alarm\home_alarm\ArduinoCore\Debug\libArduinoCore.a(SoftwareSerial.o)
                0x000005ea                _ZN14SoftwareSerial5setRXEh
 .text._ZN14SoftwareSerialC2Ehhb
                0x0000063c       0x56 C:\SPB_Data\home_alarm\home_alarm\home_alarm\ArduinoCore\Debug\libArduinoCore.a(SoftwareSerial.o)
                0x0000063c                _ZN14SoftwareSerialC1Ehhb
                0x0000063c                _ZN14SoftwareSerialC2Ehhb
 .text._ZN14SoftwareSerial5beginEl
                0x00000692      0x11c C:\SPB_Data\home_alarm\home_alarm\home_alarm\ArduinoCore\Debug\libArduinoCore.a(SoftwareSerial.o)
                0x00000692                _ZN14SoftwareSerial5beginEl
 .text._Z4tonehjm
                0x000007ae      0x504 C:\SPB_Data\home_alarm\home_alarm\home_alarm\ArduinoCore\Debug\libArduinoCore.a(Tone.o)
                0x000007ae                _Z4tonehjm
 .text._Z12disableTimerh
                0x00000cb2       0x40 C:\SPB_Data\home_alarm\home_alarm\home_alarm\ArduinoCore\Debug\libArduinoCore.a(Tone.o)
                0x00000cb2                _Z12disableTimerh
 .text._Z6noToneh
                0x00000cf2       0x2a C:\SPB_Data\home_alarm\home_alarm\home_alarm\ArduinoCore\Debug\libArduinoCore.a(Tone.o)
                0x00000cf2                _Z6noToneh
 .text.__vector_7
                0x00000d1c       0xb8 C:\SPB_Data\home_alarm\home_alarm\home_alarm\ArduinoCore\Debug\libArduinoCore.a(Tone.o)
                0x00000d1c                __vector_7
 .text.turnOffPWM
                0x00000dd4       0x52 C:\SPB_Data\home_alarm\home_alarm\home_alarm\ArduinoCore\Debug\libArduinoCore.a(wiring_digital.o)
 .text.pinMode  0x00000e26       0x78 C:\SPB_Data\home_alarm\home_alarm\home_alarm\ArduinoCore\Debug\libArduinoCore.a(wiring_digital.o)
                0x00000e26                pinMode
 .text.digitalWrite
                0x00000e9e       0x5e C:\SPB_Data\home_alarm\home_alarm\home_alarm\ArduinoCore\Debug\libArduinoCore.a(wiring_digital.o)
                0x00000e9e                digitalWrite
 .text._ZN7MFRC52219PICC_ReadCardSerialEv
                0x00000efc       0x20 C:\SPB_Data\home_alarm\home_alarm\home_alarm\ArduinoCore\Debug\libArduinoCore.a(MFRC522.o)
                0x00000efc                _ZN7MFRC52219PICC_ReadCardSerialEv
 .text._ZN8SPIClass16beginTransactionE11SPISettings
                0x00000f1c       0x34 C:\SPB_Data\home_alarm\home_alarm\home_alarm\ArduinoCore\Debug\libArduinoCore.a(MFRC522.o)
                0x00000f1c                _ZN8SPIClass16beginTransactionE11SPISettings
 .text._ZN8SPIClass8transferEh
                0x00000f50        0xe C:\SPB_Data\home_alarm\home_alarm\home_alarm\ArduinoCore\Debug\libArduinoCore.a(MFRC522.o)
                0x00000f50                _ZN8SPIClass8transferEh
 .text._ZN8SPIClass14endTransactionEv
                0x00000f5e       0x22 C:\SPB_Data\home_alarm\home_alarm\home_alarm\ArduinoCore\Debug\libArduinoCore.a(MFRC522.o)
                0x00000f5e                _ZN8SPIClass14endTransactionEv
 .text._ZN7MFRC52216PCD_ReadRegisterENS_12PCD_RegisterEhPhh.part.1.constprop.8
                0x00000f80       0xaa C:\SPB_Data\home_alarm\home_alarm\home_alarm\ArduinoCore\Debug\libArduinoCore.a(MFRC522.o)
 .text._ZN7MFRC522C2Ev
                0x0000102a       0x14 C:\SPB_Data\home_alarm\home_alarm\home_alarm\ArduinoCore\Debug\libArduinoCore.a(MFRC522.o)
                0x0000102a                _ZN7MFRC522C1Ev
                0x0000102a                _ZN7MFRC522C2Ev
 .text._ZN7MFRC52217PCD_WriteRegisterENS_12PCD_RegisterEh
                0x0000103e       0x3e C:\SPB_Data\home_alarm\home_alarm\home_alarm\ArduinoCore\Debug\libArduinoCore.a(MFRC522.o)
                0x0000103e                _ZN7MFRC52217PCD_WriteRegisterENS_12PCD_RegisterEh
 .text._ZN7MFRC52217PCD_WriteRegisterENS_12PCD_RegisterEhPh
                0x0000107c       0x66 C:\SPB_Data\home_alarm\home_alarm\home_alarm\ArduinoCore\Debug\libArduinoCore.a(MFRC522.o)
                0x0000107c                _ZN7MFRC52217PCD_WriteRegisterENS_12PCD_RegisterEhPh
 .text._ZN7MFRC52216PCD_ReadRegisterENS_12PCD_RegisterE
                0x000010e2       0x40 C:\SPB_Data\home_alarm\home_alarm\home_alarm\ArduinoCore\Debug\libArduinoCore.a(MFRC522.o)
                0x000010e2                _ZN7MFRC52216PCD_ReadRegisterENS_12PCD_RegisterE
 .text._ZN7MFRC52216PCD_ReadRegisterENS_12PCD_RegisterEhPhh
                0x00001122        0xc C:\SPB_Data\home_alarm\home_alarm\home_alarm\ArduinoCore\Debug\libArduinoCore.a(MFRC522.o)
                0x00001122                _ZN7MFRC52216PCD_ReadRegisterENS_12PCD_RegisterEhPhh
 .text._ZN7MFRC52222PCD_SetRegisterBitMaskENS_12PCD_RegisterEh
                0x0000112e       0x26 C:\SPB_Data\home_alarm\home_alarm\home_alarm\ArduinoCore\Debug\libArduinoCore.a(MFRC522.o)
                0x0000112e                _ZN7MFRC52222PCD_SetRegisterBitMaskENS_12PCD_RegisterEh
 .text._ZN7MFRC52224PCD_ClearRegisterBitMaskENS_12PCD_RegisterEh
                0x00001154       0x28 C:\SPB_Data\home_alarm\home_alarm\home_alarm\ArduinoCore\Debug\libArduinoCore.a(MFRC522.o)
                0x00001154                _ZN7MFRC52224PCD_ClearRegisterBitMaskENS_12PCD_RegisterEh
 .text._ZN7MFRC52216PCD_CalculateCRCEPhhS0_
                0x0000117c       0x9a C:\SPB_Data\home_alarm\home_alarm\home_alarm\ArduinoCore\Debug\libArduinoCore.a(MFRC522.o)
                0x0000117c                _ZN7MFRC52216PCD_CalculateCRCEPhhS0_
 .text._ZN7MFRC52223PCD_CommunicateWithPICCEhhPhhS0_S0_S0_hb
                0x00001216      0x1a6 C:\SPB_Data\home_alarm\home_alarm\home_alarm\ArduinoCore\Debug\libArduinoCore.a(MFRC522.o)
                0x00001216                _ZN7MFRC52223PCD_CommunicateWithPICCEhhPhhS0_S0_S0_hb
 .text._ZN7MFRC52218PCD_TransceiveDataEPhhS0_S0_S0_hb
                0x000013bc       0x3e C:\SPB_Data\home_alarm\home_alarm\home_alarm\ArduinoCore\Debug\libArduinoCore.a(MFRC522.o)
                0x000013bc                _ZN7MFRC52218PCD_TransceiveDataEPhhS0_S0_S0_hb
 .text._ZN7MFRC52211PICC_SelectEPNS_3UidEh
                0x000013fa      0x30a C:\SPB_Data\home_alarm\home_alarm\home_alarm\ArduinoCore\Debug\libArduinoCore.a(MFRC522.o)
                0x000013fa                _ZN7MFRC52211PICC_SelectEPNS_3UidEh
 .text._ZN7MFRC52217PICC_REQA_or_WUPAEhPhS0_
                0x00001704       0xa0 C:\SPB_Data\home_alarm\home_alarm\home_alarm\ArduinoCore\Debug\libArduinoCore.a(MFRC522.o)
                0x00001704                _ZN7MFRC52217PICC_REQA_or_WUPAEhPhS0_
 .text._ZN7MFRC52213PICC_RequestAEPhS0_
                0x000017a4        0xa C:\SPB_Data\home_alarm\home_alarm\home_alarm\ArduinoCore\Debug\libArduinoCore.a(MFRC522.o)
                0x000017a4                _ZN7MFRC52213PICC_RequestAEPhS0_
 .text._ZN7MFRC52221PICC_IsNewCardPresentEv
                0x000017ae       0x64 C:\SPB_Data\home_alarm\home_alarm\home_alarm\ArduinoCore\Debug\libArduinoCore.a(MFRC522.o)
                0x000017ae                _ZN7MFRC52221PICC_IsNewCardPresentEv
 .text.__vector_18
                0x00001812       0x64 C:\SPB_Data\home_alarm\home_alarm\home_alarm\ArduinoCore\Debug\libArduinoCore.a(HardwareSerial0.o)
                0x00001812                __vector_18
 .text.__vector_19
                0x00001876       0x4c C:\SPB_Data\home_alarm\home_alarm\home_alarm\ArduinoCore\Debug\libArduinoCore.a(HardwareSerial0.o)
                0x00001876                __vector_19
 .text.startup._GLOBAL__sub_I___vector_18
                0x000018c2       0x5a C:\SPB_Data\home_alarm\home_alarm\home_alarm\ArduinoCore\Debug\libArduinoCore.a(HardwareSerial0.o)
 .text.__vector_16
                0x0000191c       0x94 C:\SPB_Data\home_alarm\home_alarm\home_alarm\ArduinoCore\Debug\libArduinoCore.a(wiring.o)
                0x0000191c                __vector_16
 .text._ZN14HardwareSerial9availableEv
                0x000019b0       0x18 C:\SPB_Data\home_alarm\home_alarm\home_alarm\ArduinoCore\Debug\libArduinoCore.a(HardwareSerial.o)
                0x000019b0                _ZN14HardwareSerial9availableEv
 .text._ZN14HardwareSerial4peekEv
                0x000019c8       0x1c C:\SPB_Data\home_alarm\home_alarm\home_alarm\ArduinoCore\Debug\libArduinoCore.a(HardwareSerial.o)
                0x000019c8                _ZN14HardwareSerial4peekEv
 .text._ZN14HardwareSerial4readEv
                0x000019e4       0x28 C:\SPB_Data\home_alarm\home_alarm\home_alarm\ArduinoCore\Debug\libArduinoCore.a(HardwareSerial.o)
                0x000019e4                _ZN14HardwareSerial4readEv
 .text._ZN14HardwareSerial17availableForWriteEv
                0x00001a0c       0x1e C:\SPB_Data\home_alarm\home_alarm\home_alarm\ArduinoCore\Debug\libArduinoCore.a(HardwareSerial.o)
                0x00001a0c                _ZN14HardwareSerial17availableForWriteEv
 .text._ZN14HardwareSerial17_tx_udr_empty_irqEv
                0x00001a2a       0x44 C:\SPB_Data\home_alarm\home_alarm\home_alarm\ArduinoCore\Debug\libArduinoCore.a(HardwareSerial.o)
                0x00001a2a                _ZN14HardwareSerial17_tx_udr_empty_irqEv
 .text._ZN14HardwareSerial5writeEh
                0x00001a6e       0x9a C:\SPB_Data\home_alarm\home_alarm\home_alarm\ArduinoCore\Debug\libArduinoCore.a(HardwareSerial.o)
                0x00001a6e                _ZN14HardwareSerial5writeEh
 .text._ZN14HardwareSerial5flushEv
                0x00001b08       0x44 C:\SPB_Data\home_alarm\home_alarm\home_alarm\ArduinoCore\Debug\libArduinoCore.a(HardwareSerial.o)
                0x00001b08                _ZN14HardwareSerial5flushEv
 .text.libgcc.div
                0x00001b4c       0x28 c:/programy/atmel/7.0/toolchain/avr8/avr8-gnu-toolchain/bin/../lib/gcc/avr/5.4.0/avr5\libgcc.a(_divmodhi4.o)
                0x00001b4c                _div
                0x00001b4c                __divmodhi4
 .text.libgcc.div
                0x00001b74       0x44 c:/programy/atmel/7.0/toolchain/avr8/avr8-gnu-toolchain/bin/../lib/gcc/avr/5.4.0/avr5\libgcc.a(_udivmodsi4.o)
                0x00001b74                __udivmodsi4
 .text.libgcc.div
                0x00001bb8       0x2e c:/programy/atmel/7.0/toolchain/avr8/avr8-gnu-toolchain/bin/../lib/gcc/avr/5.4.0/avr5\libgcc.a(_divmodsi4.o)
                0x00001bb8                __divmodsi4
 .text.libgcc.div
                0x00001be6       0x10 c:/programy/atmel/7.0/toolchain/avr8/avr8-gnu-toolchain/bin/../lib/gcc/avr/5.4.0/avr5\libgcc.a(_negsi2.o)
                0x00001be6                __negsi2
 .text.libgcc   0x00001bf6        0xc c:/programy/atmel/7.0/toolchain/avr8/avr8-gnu-toolchain/bin/../lib/gcc/avr/5.4.0/avr5\libgcc.a(_tablejump2.o)
                0x00001bf6                __tablejump2__
 .text.libgcc.mul
                0x00001c02       0x16 c:/programy/atmel/7.0/toolchain/avr8/avr8-gnu-toolchain/bin/../lib/gcc/avr/5.4.0/avr5\libgcc.a(_muluhisi3.o)
                0x00001c02                __muluhisi3
 .text.libgcc.div
                0x00001c18       0x28 c:/programy/atmel/7.0/toolchain/avr8/avr8-gnu-toolchain/bin/../lib/gcc/avr/5.4.0/avr5\libgcc.a(_udivmodhi4.o)
                0x00001c18                __udivmodhi4
 .text.libgcc.mul
                0x00001c40       0x1e c:/programy/atmel/7.0/toolchain/avr8/avr8-gnu-toolchain/bin/../lib/gcc/avr/5.4.0/avr5\libgcc.a(_umulhisi3.o)
                0x00001c40                __umulhisi3
                0x00001c5e                . = ALIGN (0x2)
 *(.fini9)
 .fini9         0x00001c5e        0x0 c:/programy/atmel/7.0/toolchain/avr8/avr8-gnu-toolchain/bin/../lib/gcc/avr/5.4.0/avr5\libgcc.a(_exit.o)
                0x00001c5e                _exit
                0x00001c5e                exit
 *(.fini9)
 *(.fini8)
 *(.fini8)
 *(.fini7)
 *(.fini7)
 *(.fini6)
 .fini6         0x00001c5e       0x16 c:/programy/atmel/7.0/toolchain/avr8/avr8-gnu-toolchain/bin/../lib/gcc/avr/5.4.0/avr5\libgcc.a(_dtors.o)
                0x00001c5e                __do_global_dtors
 *(.fini6)
 *(.fini5)
 *(.fini5)
 *(.fini4)
 *(.fini4)
 *(.fini3)
 *(.fini3)
 *(.fini2)
 *(.fini2)
 *(.fini1)
 *(.fini1)
 *(.fini0)
 .fini0         0x00001c74        0x4 c:/programy/atmel/7.0/toolchain/avr8/avr8-gnu-toolchain/bin/../lib/gcc/avr/5.4.0/avr5\libgcc.a(_exit.o)
 *(.fini0)
                0x00001c78                _etext = .

.data           0x00800100       0x52 load address 0x00001c78
                0x00800100                PROVIDE (__data_start, .)
 *(.data)
 *(.data*)
 .data._ZL9tone_pins
                0x00800100        0x1 C:\SPB_Data\home_alarm\home_alarm\home_alarm\ArduinoCore\Debug\libArduinoCore.a(Tone.o)
 *(.gnu.linkonce.d*)
 *(.rodata)
 *(.rodata*)
 .rodata.str1.1
                0x00800101       0x13 main.o
 .rodata.str1.1
                0x00800114        0xf C:\SPB_Data\home_alarm\home_alarm\home_alarm\ArduinoCore\Debug\libArduinoCore.a(Print.o)
 .rodata._ZTV14SoftwareSerial
                0x00800123       0x12 C:\SPB_Data\home_alarm\home_alarm\home_alarm\ArduinoCore\Debug\libArduinoCore.a(SoftwareSerial.o)
                0x00800123                _ZTV14SoftwareSerial
 .rodata._ZTV7MFRC522
                0x00800135        0xa C:\SPB_Data\home_alarm\home_alarm\home_alarm\ArduinoCore\Debug\libArduinoCore.a(MFRC522.o)
                0x00800135                _ZTV7MFRC522
 .rodata._ZTV14HardwareSerial
                0x0080013f       0x12 C:\SPB_Data\home_alarm\home_alarm\home_alarm\ArduinoCore\Debug\libArduinoCore.a(HardwareSerial.o)
                0x0080013f                _ZTV14HardwareSerial
 *(.gnu.linkonce.r*)
                0x00800152                . = ALIGN (0x2)
 *fill*         0x00800151        0x1 
                0x00800152                _edata = .
                0x00800152                PROVIDE (__data_end, .)

.bss            0x00800152      0x131
                0x00800152                PROVIDE (__bss_start, .)
 *(.bss)
 *(.bss*)
 .bss.RFID      0x00800152       0x10 main.o
                0x00800152                RFID
 .bss.Phone     0x00800162       0x1f main.o
                0x00800162                Phone
 .bss._ZN14SoftwareSerial20_receive_buffer_headE
                0x00800181        0x1 C:\SPB_Data\home_alarm\home_alarm\home_alarm\ArduinoCore\Debug\libArduinoCore.a(SoftwareSerial.o)
                0x00800181                _ZN14SoftwareSerial20_receive_buffer_headE
 .bss._ZN14SoftwareSerial20_receive_buffer_tailE
                0x00800182        0x1 C:\SPB_Data\home_alarm\home_alarm\home_alarm\ArduinoCore\Debug\libArduinoCore.a(SoftwareSerial.o)
                0x00800182                _ZN14SoftwareSerial20_receive_buffer_tailE
 .bss._ZN14SoftwareSerial15_receive_bufferE
                0x00800183       0x40 C:\SPB_Data\home_alarm\home_alarm\home_alarm\ArduinoCore\Debug\libArduinoCore.a(SoftwareSerial.o)
                0x00800183                _ZN14SoftwareSerial15_receive_bufferE
 .bss._ZN14SoftwareSerial13active_objectE
                0x008001c3        0x2 C:\SPB_Data\home_alarm\home_alarm\home_alarm\ArduinoCore\Debug\libArduinoCore.a(SoftwareSerial.o)
                0x008001c3                _ZN14SoftwareSerial13active_objectE
 .bss.timer2_pin_mask
                0x008001c5        0x1 C:\SPB_Data\home_alarm\home_alarm\home_alarm\ArduinoCore\Debug\libArduinoCore.a(Tone.o)
                0x008001c5                timer2_pin_mask
 .bss.timer2_pin_port
                0x008001c6        0x2 C:\SPB_Data\home_alarm\home_alarm\home_alarm\ArduinoCore\Debug\libArduinoCore.a(Tone.o)
                0x008001c6                timer2_pin_port
 .bss.timer2_toggle_count
                0x008001c8        0x4 C:\SPB_Data\home_alarm\home_alarm\home_alarm\ArduinoCore\Debug\libArduinoCore.a(Tone.o)
                0x008001c8                timer2_toggle_count
 .bss.timer1_pin_mask
                0x008001cc        0x1 C:\SPB_Data\home_alarm\home_alarm\home_alarm\ArduinoCore\Debug\libArduinoCore.a(Tone.o)
                0x008001cc                timer1_pin_mask
 .bss.timer1_pin_port
                0x008001cd        0x2 C:\SPB_Data\home_alarm\home_alarm\home_alarm\ArduinoCore\Debug\libArduinoCore.a(Tone.o)
                0x008001cd                timer1_pin_port
 .bss.timer1_toggle_count
                0x008001cf        0x4 C:\SPB_Data\home_alarm\home_alarm\home_alarm\ArduinoCore\Debug\libArduinoCore.a(Tone.o)
                0x008001cf                timer1_toggle_count
 .bss.timer0_pin_mask
                0x008001d3        0x1 C:\SPB_Data\home_alarm\home_alarm\home_alarm\ArduinoCore\Debug\libArduinoCore.a(Tone.o)
                0x008001d3                timer0_pin_mask
 .bss.timer0_pin_port
                0x008001d4        0x2 C:\SPB_Data\home_alarm\home_alarm\home_alarm\ArduinoCore\Debug\libArduinoCore.a(Tone.o)
                0x008001d4                timer0_pin_port
 .bss.timer0_toggle_count
                0x008001d6        0x4 C:\SPB_Data\home_alarm\home_alarm\home_alarm\ArduinoCore\Debug\libArduinoCore.a(Tone.o)
                0x008001d6                timer0_toggle_count
 .bss.Serial    0x008001da       0x9d C:\SPB_Data\home_alarm\home_alarm\home_alarm\ArduinoCore\Debug\libArduinoCore.a(HardwareSerial0.o)
                0x008001da                Serial
 .bss.timer0_fract
                0x00800277        0x1 C:\SPB_Data\home_alarm\home_alarm\home_alarm\ArduinoCore\Debug\libArduinoCore.a(wiring.o)
 .bss.timer0_millis
                0x00800278        0x4 C:\SPB_Data\home_alarm\home_alarm\home_alarm\ArduinoCore\Debug\libArduinoCore.a(wiring.o)
                0x00800278                timer0_millis
 .bss.timer0_overflow_count
                0x0080027c        0x4 C:\SPB_Data\home_alarm\home_alarm\home_alarm\ArduinoCore\Debug\libArduinoCore.a(wiring.o)
                0x0080027c                timer0_overflow_count
 .bss._ZN8SPIClass13interruptSaveE
                0x00800280        0x1 C:\SPB_Data\home_alarm\home_alarm\home_alarm\ArduinoCore\Debug\libArduinoCore.a(SPI.o)
                0x00800280                _ZN8SPIClass13interruptSaveE
 .bss._ZN8SPIClass13interruptMaskE
                0x00800281        0x1 C:\SPB_Data\home_alarm\home_alarm\home_alarm\ArduinoCore\Debug\libArduinoCore.a(SPI.o)
                0x00800281                _ZN8SPIClass13interruptMaskE
 .bss._ZN8SPIClass13interruptModeE
                0x00800282        0x1 C:\SPB_Data\home_alarm\home_alarm\home_alarm\ArduinoCore\Debug\libArduinoCore.a(SPI.o)
                0x00800282                _ZN8SPIClass13interruptModeE
 *(COMMON)
                0x00800283                PROVIDE (__bss_end, .)
                0x00001c78                __data_load_start = LOADADDR (.data)
                0x00001cca                __data_load_end = (__data_load_start + SIZEOF (.data))

.noinit         0x00800283        0x0
                [!provide]                PROVIDE (__noinit_start, .)
 *(.noinit*)
                [!provide]                PROVIDE (__noinit_end, .)
                0x00800283                _end = .
                [!provide]                PROVIDE (__heap_start, .)

.eeprom         0x00810000        0x0
 *(.eeprom*)
                0x00810000                __eeprom_end = .

.fuse
 *(.fuse)
 *(.lfuse)
 *(.hfuse)
 *(.efuse)

.lock
 *(.lock*)

.signature
 *(.signature*)

.user_signatures
 *(.user_signatures*)

.stab
 *(.stab)

.stabstr
 *(.stabstr)

.stab.excl
 *(.stab.excl)

.stab.exclstr
 *(.stab.exclstr)

.stab.index
 *(.stab.index)

.stab.indexstr
 *(.stab.indexstr)

.comment        0x00000000       0x30
 *(.comment)
 .comment       0x00000000       0x30 main.o
                                 0x31 (size before relaxing)
 .comment       0x00000030       0x31 C:\SPB_Data\home_alarm\home_alarm\home_alarm\ArduinoCore\Debug\libArduinoCore.a(Print.o)
 .comment       0x00000030       0x31 C:\SPB_Data\home_alarm\home_alarm\home_alarm\ArduinoCore\Debug\libArduinoCore.a(SoftwareSerial.o)
 .comment       0x00000030       0x31 C:\SPB_Data\home_alarm\home_alarm\home_alarm\ArduinoCore\Debug\libArduinoCore.a(Tone.o)
 .comment       0x00000030       0x31 C:\SPB_Data\home_alarm\home_alarm\home_alarm\ArduinoCore\Debug\libArduinoCore.a(wiring_digital.o)
 .comment       0x00000030       0x31 C:\SPB_Data\home_alarm\home_alarm\home_alarm\ArduinoCore\Debug\libArduinoCore.a(MFRC522.o)
 .comment       0x00000030       0x31 C:\SPB_Data\home_alarm\home_alarm\home_alarm\ArduinoCore\Debug\libArduinoCore.a(HardwareSerial0.o)
 .comment       0x00000030       0x31 C:\SPB_Data\home_alarm\home_alarm\home_alarm\ArduinoCore\Debug\libArduinoCore.a(wiring.o)
 .comment       0x00000030       0x31 C:\SPB_Data\home_alarm\home_alarm\home_alarm\ArduinoCore\Debug\libArduinoCore.a(SPI.o)
 .comment       0x00000030       0x31 C:\SPB_Data\home_alarm\home_alarm\home_alarm\ArduinoCore\Debug\libArduinoCore.a(HardwareSerial.o)

.note.gnu.avr.deviceinfo
                0x00000000       0x40
 .note.gnu.avr.deviceinfo
                0x00000000       0x40 C:/Programy/Atmel/7.0/Packs/atmel/ATmega_DFP/1.3.300/gcc/dev/atmega328p/avr5/crtatmega328p.o

.note.gnu.build-id
 *(.note.gnu.build-id)

.debug
 *(.debug)

.line
 *(.line)

.debug_srcinfo
 *(.debug_srcinfo)

.debug_sfnames
 *(.debug_sfnames)

.debug_aranges  0x00000000      0x590
 *(.debug_aranges)
 .debug_aranges
                0x00000000       0x40 main.o
 .debug_aranges
                0x00000040      0x100 C:\SPB_Data\home_alarm\home_alarm\home_alarm\ArduinoCore\Debug\libArduinoCore.a(Print.o)
 .debug_aranges
                0x00000140       0xa8 C:\SPB_Data\home_alarm\home_alarm\home_alarm\ArduinoCore\Debug\libArduinoCore.a(SoftwareSerial.o)
 .debug_aranges
                0x000001e8       0x38 C:\SPB_Data\home_alarm\home_alarm\home_alarm\ArduinoCore\Debug\libArduinoCore.a(Tone.o)
 .debug_aranges
                0x00000220       0x38 C:\SPB_Data\home_alarm\home_alarm\home_alarm\ArduinoCore\Debug\libArduinoCore.a(wiring_digital.o)
 .debug_aranges
                0x00000258      0x208 C:\SPB_Data\home_alarm\home_alarm\home_alarm\ArduinoCore\Debug\libArduinoCore.a(MFRC522.o)
 .debug_aranges
                0x00000460       0x48 C:\SPB_Data\home_alarm\home_alarm\home_alarm\ArduinoCore\Debug\libArduinoCore.a(HardwareSerial0.o)
 .debug_aranges
                0x000004a8       0x48 C:\SPB_Data\home_alarm\home_alarm\home_alarm\ArduinoCore\Debug\libArduinoCore.a(wiring.o)
 .debug_aranges
                0x000004f0       0x38 C:\SPB_Data\home_alarm\home_alarm\home_alarm\ArduinoCore\Debug\libArduinoCore.a(SPI.o)
 .debug_aranges
                0x00000528       0x68 C:\SPB_Data\home_alarm\home_alarm\home_alarm\ArduinoCore\Debug\libArduinoCore.a(HardwareSerial.o)

.debug_pubnames
 *(.debug_pubnames)

.debug_info     0x00000000    0x104f8
 *(.debug_info .gnu.linkonce.wi.*)
 .debug_info    0x00000000      0x5f4 C:/Programy/Atmel/7.0/Packs/atmel/ATmega_DFP/1.3.300/gcc/dev/atmega328p/avr5/crtatmega328p.o
 .debug_info    0x000005f4      0x67f main.o
 .debug_info    0x00000c73     0x28ff C:\SPB_Data\home_alarm\home_alarm\home_alarm\ArduinoCore\Debug\libArduinoCore.a(Print.o)
 .debug_info    0x00003572     0x28fe C:\SPB_Data\home_alarm\home_alarm\home_alarm\ArduinoCore\Debug\libArduinoCore.a(SoftwareSerial.o)
 .debug_info    0x00005e70      0x7ab C:\SPB_Data\home_alarm\home_alarm\home_alarm\ArduinoCore\Debug\libArduinoCore.a(Tone.o)
 .debug_info    0x0000661b      0x5fe C:\SPB_Data\home_alarm\home_alarm\home_alarm\ArduinoCore\Debug\libArduinoCore.a(wiring_digital.o)
 .debug_info    0x00006c19     0x552f C:\SPB_Data\home_alarm\home_alarm\home_alarm\ArduinoCore\Debug\libArduinoCore.a(MFRC522.o)
 .debug_info    0x0000c148     0x1b16 C:\SPB_Data\home_alarm\home_alarm\home_alarm\ArduinoCore\Debug\libArduinoCore.a(HardwareSerial0.o)
 .debug_info    0x0000dc5e      0x2cb C:\SPB_Data\home_alarm\home_alarm\home_alarm\ArduinoCore\Debug\libArduinoCore.a(wiring.o)
 .debug_info    0x0000df29      0x66b C:\SPB_Data\home_alarm\home_alarm\home_alarm\ArduinoCore\Debug\libArduinoCore.a(SPI.o)
 .debug_info    0x0000e594     0x1f64 C:\SPB_Data\home_alarm\home_alarm\home_alarm\ArduinoCore\Debug\libArduinoCore.a(HardwareSerial.o)

.debug_abbrev   0x00000000     0x291d
 *(.debug_abbrev)
 .debug_abbrev  0x00000000      0x5a2 C:/Programy/Atmel/7.0/Packs/atmel/ATmega_DFP/1.3.300/gcc/dev/atmega328p/avr5/crtatmega328p.o
 .debug_abbrev  0x000005a2      0x252 main.o
 .debug_abbrev  0x000007f4      0x47a C:\SPB_Data\home_alarm\home_alarm\home_alarm\ArduinoCore\Debug\libArduinoCore.a(Print.o)
 .debug_abbrev  0x00000c6e      0x60b C:\SPB_Data\home_alarm\home_alarm\home_alarm\ArduinoCore\Debug\libArduinoCore.a(SoftwareSerial.o)
 .debug_abbrev  0x00001279      0x2a5 C:\SPB_Data\home_alarm\home_alarm\home_alarm\ArduinoCore\Debug\libArduinoCore.a(Tone.o)
 .debug_abbrev  0x0000151e      0x15b C:\SPB_Data\home_alarm\home_alarm\home_alarm\ArduinoCore\Debug\libArduinoCore.a(wiring_digital.o)
 .debug_abbrev  0x00001679      0x656 C:\SPB_Data\home_alarm\home_alarm\home_alarm\ArduinoCore\Debug\libArduinoCore.a(MFRC522.o)
 .debug_abbrev  0x00001ccf      0x3ce C:\SPB_Data\home_alarm\home_alarm\home_alarm\ArduinoCore\Debug\libArduinoCore.a(HardwareSerial0.o)
 .debug_abbrev  0x0000209d      0x146 C:\SPB_Data\home_alarm\home_alarm\home_alarm\ArduinoCore\Debug\libArduinoCore.a(wiring.o)
 .debug_abbrev  0x000021e3      0x283 C:\SPB_Data\home_alarm\home_alarm\home_alarm\ArduinoCore\Debug\libArduinoCore.a(SPI.o)
 .debug_abbrev  0x00002466      0x4b7 C:\SPB_Data\home_alarm\home_alarm\home_alarm\ArduinoCore\Debug\libArduinoCore.a(HardwareSerial.o)

.debug_line     0x00000000     0x3cb3
 *(.debug_line .debug_line.* .debug_line_end)
 .debug_line    0x00000000      0x133 C:/Programy/Atmel/7.0/Packs/atmel/ATmega_DFP/1.3.300/gcc/dev/atmega328p/avr5/crtatmega328p.o
 .debug_line    0x00000133      0x2d9 main.o
 .debug_line    0x0000040c      0x676 C:\SPB_Data\home_alarm\home_alarm\home_alarm\ArduinoCore\Debug\libArduinoCore.a(Print.o)
 .debug_line    0x00000a82      0x778 C:\SPB_Data\home_alarm\home_alarm\home_alarm\ArduinoCore\Debug\libArduinoCore.a(SoftwareSerial.o)
 .debug_line    0x000011fa      0x3fb C:\SPB_Data\home_alarm\home_alarm\home_alarm\ArduinoCore\Debug\libArduinoCore.a(Tone.o)
 .debug_line    0x000015f5      0x255 C:\SPB_Data\home_alarm\home_alarm\home_alarm\ArduinoCore\Debug\libArduinoCore.a(wiring_digital.o)
 .debug_line    0x0000184a     0x17fb C:\SPB_Data\home_alarm\home_alarm\home_alarm\ArduinoCore\Debug\libArduinoCore.a(MFRC522.o)
 .debug_line    0x00003045      0x27d C:\SPB_Data\home_alarm\home_alarm\home_alarm\ArduinoCore\Debug\libArduinoCore.a(HardwareSerial0.o)
 .debug_line    0x000032c2      0x29c C:\SPB_Data\home_alarm\home_alarm\home_alarm\ArduinoCore\Debug\libArduinoCore.a(wiring.o)
 .debug_line    0x0000355e      0x2b2 C:\SPB_Data\home_alarm\home_alarm\home_alarm\ArduinoCore\Debug\libArduinoCore.a(SPI.o)
 .debug_line    0x00003810      0x4a3 C:\SPB_Data\home_alarm\home_alarm\home_alarm\ArduinoCore\Debug\libArduinoCore.a(HardwareSerial.o)

.debug_frame    0x00000000     0x159c
 *(.debug_frame)
 .debug_frame   0x00000000       0xc8 main.o
 .debug_frame   0x000000c8      0x3ac C:\SPB_Data\home_alarm\home_alarm\home_alarm\ArduinoCore\Debug\libArduinoCore.a(Print.o)
 .debug_frame   0x00000474      0x1d4 C:\SPB_Data\home_alarm\home_alarm\home_alarm\ArduinoCore\Debug\libArduinoCore.a(SoftwareSerial.o)
 .debug_frame   0x00000648       0xfc C:\SPB_Data\home_alarm\home_alarm\home_alarm\ArduinoCore\Debug\libArduinoCore.a(Tone.o)
 .debug_frame   0x00000744       0x7c C:\SPB_Data\home_alarm\home_alarm\home_alarm\ArduinoCore\Debug\libArduinoCore.a(wiring_digital.o)
 .debug_frame   0x000007c0      0xacc C:\SPB_Data\home_alarm\home_alarm\home_alarm\ArduinoCore\Debug\libArduinoCore.a(MFRC522.o)
 .debug_frame   0x0000128c       0xe0 C:\SPB_Data\home_alarm\home_alarm\home_alarm\ArduinoCore\Debug\libArduinoCore.a(HardwareSerial0.o)
 .debug_frame   0x0000136c       0xc4 C:\SPB_Data\home_alarm\home_alarm\home_alarm\ArduinoCore\Debug\libArduinoCore.a(wiring.o)
 .debug_frame   0x00001430       0x5c C:\SPB_Data\home_alarm\home_alarm\home_alarm\ArduinoCore\Debug\libArduinoCore.a(SPI.o)
 .debug_frame   0x0000148c      0x110 C:\SPB_Data\home_alarm\home_alarm\home_alarm\ArduinoCore\Debug\libArduinoCore.a(HardwareSerial.o)

.debug_str      0x00000000     0x4119
 *(.debug_str)
 .debug_str     0x00000000      0x208 C:/Programy/Atmel/7.0/Packs/atmel/ATmega_DFP/1.3.300/gcc/dev/atmega328p/avr5/crtatmega328p.o
 .debug_str     0x00000208      0x40f main.o
                                0x477 (size before relaxing)
 .debug_str     0x00000617     0x107e C:\SPB_Data\home_alarm\home_alarm\home_alarm\ArduinoCore\Debug\libArduinoCore.a(Print.o)
                               0x122c (size before relaxing)
 .debug_str     0x00001695      0xa19 C:\SPB_Data\home_alarm\home_alarm\home_alarm\ArduinoCore\Debug\libArduinoCore.a(SoftwareSerial.o)
                               0x1908 (size before relaxing)
 .debug_str     0x000020ae      0x144 C:\SPB_Data\home_alarm\home_alarm\home_alarm\ArduinoCore\Debug\libArduinoCore.a(Tone.o)
                                0x425 (size before relaxing)
 .debug_str     0x000021f2      0x137 C:\SPB_Data\home_alarm\home_alarm\home_alarm\ArduinoCore\Debug\libArduinoCore.a(wiring_digital.o)
                                0x299 (size before relaxing)
 .debug_str     0x00002329     0x18d4 C:\SPB_Data\home_alarm\home_alarm\home_alarm\ArduinoCore\Debug\libArduinoCore.a(MFRC522.o)
                               0x1de5 (size before relaxing)
 .debug_str     0x00003bfd      0x13f C:\SPB_Data\home_alarm\home_alarm\home_alarm\ArduinoCore\Debug\libArduinoCore.a(HardwareSerial0.o)
                               0x13f2 (size before relaxing)
 .debug_str     0x00003d3c       0x65 C:\SPB_Data\home_alarm\home_alarm\home_alarm\ArduinoCore\Debug\libArduinoCore.a(wiring.o)
                                0x234 (size before relaxing)
 .debug_str     0x00003da1       0x96 C:\SPB_Data\home_alarm\home_alarm\home_alarm\ArduinoCore\Debug\libArduinoCore.a(SPI.o)
                                0x68e (size before relaxing)
 .debug_str     0x00003e37      0x2e2 C:\SPB_Data\home_alarm\home_alarm\home_alarm\ArduinoCore\Debug\libArduinoCore.a(HardwareSerial.o)
                               0x15ff (size before relaxing)

.debug_loc      0x00000000     0x937e
 *(.debug_loc)
 .debug_loc     0x00000000      0x203 main.o
 .debug_loc     0x00000203     0x1c87 C:\SPB_Data\home_alarm\home_alarm\home_alarm\ArduinoCore\Debug\libArduinoCore.a(Print.o)
 .debug_loc     0x00001e8a      0xc96 C:\SPB_Data\home_alarm\home_alarm\home_alarm\ArduinoCore\Debug\libArduinoCore.a(SoftwareSerial.o)
 .debug_loc     0x00002b20      0x9ff C:\SPB_Data\home_alarm\home_alarm\home_alarm\ArduinoCore\Debug\libArduinoCore.a(Tone.o)
 .debug_loc     0x0000351f      0x5fc C:\SPB_Data\home_alarm\home_alarm\home_alarm\ArduinoCore\Debug\libArduinoCore.a(wiring_digital.o)
 .debug_loc     0x00003b1b     0x4d66 C:\SPB_Data\home_alarm\home_alarm\home_alarm\ArduinoCore\Debug\libArduinoCore.a(MFRC522.o)
 .debug_loc     0x00008881      0x1b0 C:\SPB_Data\home_alarm\home_alarm\home_alarm\ArduinoCore\Debug\libArduinoCore.a(HardwareSerial0.o)
 .debug_loc     0x00008a31      0x28d C:\SPB_Data\home_alarm\home_alarm\home_alarm\ArduinoCore\Debug\libArduinoCore.a(wiring.o)
 .debug_loc     0x00008cbe      0x1e4 C:\SPB_Data\home_alarm\home_alarm\home_alarm\ArduinoCore\Debug\libArduinoCore.a(SPI.o)
 .debug_loc     0x00008ea2      0x4dc C:\SPB_Data\home_alarm\home_alarm\home_alarm\ArduinoCore\Debug\libArduinoCore.a(HardwareSerial.o)

.debug_macinfo
 *(.debug_macinfo)

.debug_weaknames
 *(.debug_weaknames)

.debug_funcnames
 *(.debug_funcnames)

.debug_typenames
 *(.debug_typenames)

.debug_varnames
 *(.debug_varnames)

.debug_pubtypes
 *(.debug_pubtypes)

.debug_ranges   0x00000000      0x648
 *(.debug_ranges)
 .debug_ranges  0x00000000       0x30 main.o
 .debug_ranges  0x00000030      0x120 C:\SPB_Data\home_alarm\home_alarm\home_alarm\ArduinoCore\Debug\libArduinoCore.a(Print.o)
 .debug_ranges  0x00000150       0xe0 C:\SPB_Data\home_alarm\home_alarm\home_alarm\ArduinoCore\Debug\libArduinoCore.a(SoftwareSerial.o)
 .debug_ranges  0x00000230       0x58 C:\SPB_Data\home_alarm\home_alarm\home_alarm\ArduinoCore\Debug\libArduinoCore.a(Tone.o)
 .debug_ranges  0x00000288       0x28 C:\SPB_Data\home_alarm\home_alarm\home_alarm\ArduinoCore\Debug\libArduinoCore.a(wiring_digital.o)
 .debug_ranges  0x000002b0      0x2a8 C:\SPB_Data\home_alarm\home_alarm\home_alarm\ArduinoCore\Debug\libArduinoCore.a(MFRC522.o)
 .debug_ranges  0x00000558       0x38 C:\SPB_Data\home_alarm\home_alarm\home_alarm\ArduinoCore\Debug\libArduinoCore.a(HardwareSerial0.o)
 .debug_ranges  0x00000590       0x38 C:\SPB_Data\home_alarm\home_alarm\home_alarm\ArduinoCore\Debug\libArduinoCore.a(wiring.o)
 .debug_ranges  0x000005c8       0x28 C:\SPB_Data\home_alarm\home_alarm\home_alarm\ArduinoCore\Debug\libArduinoCore.a(SPI.o)
 .debug_ranges  0x000005f0       0x58 C:\SPB_Data\home_alarm\home_alarm\home_alarm\ArduinoCore\Debug\libArduinoCore.a(HardwareSerial.o)

.debug_macro
 *(.debug_macro)
OUTPUT(sss.elf elf32-avr)
LOAD linker stubs
